15:14:05 **** Incremental Build of configuration Debug for project PID_1 ****
make -j12 all 
arm-none-eabi-gcc "../Core/Src/main.c" -mcpu=cortex-m4 -std=gnu11 -g3 -DUSE_HAL_DRIVER -DSTM32L476xx -DDEBUG -c -I../Core/Inc -I../Drivers/STM32L4xx_HAL_Driver/Inc -I../Drivers/STM32L4xx_HAL_Driver/Inc/Legacy -I../Drivers/CMSIS/Device/ST/STM32L4xx/Include -I../Drivers/CMSIS/Include -O0 -ffunction-sections -fdata-sections -Wall -fstack-usage -MMD -MP -MF"Core/Src/main.d" -MT"Core/Src/main.o" --specs=nano.specs -mfpu=fpv4-sp-d16 -mfloat-abi=hard -mthumb -o "Core/Src/main.o"
arm-none-eabi-gcc -o "PID_1.elf" @"objects.list"   -mcpu=cortex-m4 -T"C:\Users\adamj\Desktop\Studia\Semestr_6\SR\Labki\Lab4_PID\5_1\PID_1\STM32L476RGTX_FLASH.ld" --specs=nosys.specs -Wl,-Map="PID_1.map" -Wl,--gc-sections -static --specs=nano.specs -mfpu=fpv4-sp-d16 -mfloat-abi=hard -mthumb -Wl,--start-group -lc -lm -Wl,--end-group
Finished building target: PID_1.elf
 
arm-none-eabi-objdump -h -S  PID_1.elf  > "PID_1.list"
arm-none-eabi-objcopy  -O binary  PID_1.elf  "PID_1.bin"
arm-none-eabi-size   PID_1.elf 
   text	   data	    bss	    dec	    hex	filename
  23168	    220	   2084	  25472	   6380	PID_1.elf
Finished building: default.size.stdout
 
Finished building: PID_1.bin
 
Finished building: PID_1.list
 

15:14:07 Build Finished. 0 errors, 0 warnings. (took 1s.578ms)

