15:44:26 **** Incremental Build of configuration Debug for project PID_2 ****
make -j12 all 
arm-none-eabi-gcc "../Core/Src/main.c" -mcpu=cortex-m4 -std=gnu11 -g3 -DUSE_HAL_DRIVER -DSTM32L476xx -DDEBUG -c -I../Core/Inc -I../Drivers/STM32L4xx_HAL_Driver/Inc -I../Drivers/STM32L4xx_HAL_Driver/Inc/Legacy -I../Drivers/CMSIS/Device/ST/STM32L4xx/Include -I../Drivers/CMSIS/Include -O0 -ffunction-sections -fdata-sections -Wall -fstack-usage -MMD -MP -MF"Core/Src/main.d" -MT"Core/Src/main.o" --specs=nano.specs -mfpu=fpv4-sp-d16 -mfloat-abi=hard -mthumb -o "Core/Src/main.o"
arm-none-eabi-gcc -o "PID_2.elf" @"objects.list"   -mcpu=cortex-m4 -T"C:\Users\adamj\Desktop\Studia\Semestr_6\SR\Labki\Lab4_PID\5_2\PID_2\STM32L476RGTX_FLASH.ld" --specs=nosys.specs -Wl,-Map="PID_2.map" -Wl,--gc-sections -static --specs=nano.specs -mfpu=fpv4-sp-d16 -mfloat-abi=hard -mthumb -Wl,--start-group -lc -lm -Wl,--end-group
Finished building target: PID_2.elf
 
arm-none-eabi-objdump -h -S  PID_2.elf  > "PID_2.list"
arm-none-eabi-objcopy  -O binary  PID_2.elf  "PID_2.bin"
arm-none-eabi-size   PID_2.elf 
   text	   data	    bss	    dec	    hex	filename
  23432	    220	   2084	  25736	   6488	PID_2.elf
Finished building: default.size.stdout
 
Finished building: PID_2.bin
 
Finished building: PID_2.list
 
15:46:38 **** Incremental Build of configuration Debug for project PID_2 ****
make -j12 all 
arm-none-eabi-size   PID_2.elf 
   text	   data	    bss	    dec	    hex	filename
  23432	    220	   2084	  25736	   6488	PID_2.elf
Finished building: default.size.stdout
 
15:54:36 **** Incremental Build of configuration Debug for project PID_2 ****
make -j12 all 
arm-none-eabi-gcc "../Core/Src/main.c" -mcpu=cortex-m4 -std=gnu11 -g3 -DUSE_HAL_DRIVER -DSTM32L476xx -DDEBUG -c -I../Core/Inc -I../Drivers/STM32L4xx_HAL_Driver/Inc -I../Drivers/STM32L4xx_HAL_Driver/Inc/Legacy -I../Drivers/CMSIS/Device/ST/STM32L4xx/Include -I../Drivers/CMSIS/Include -O0 -ffunction-sections -fdata-sections -Wall -fstack-usage -MMD -MP -MF"Core/Src/main.d" -MT"Core/Src/main.o" --specs=nano.specs -mfpu=fpv4-sp-d16 -mfloat-abi=hard -mthumb -o "Core/Src/main.o"
arm-none-eabi-gcc -o "PID_2.elf" @"objects.list"   -mcpu=cortex-m4 -T"C:\Users\adamj\Desktop\Studia\Semestr_6\SR\Labki\Lab4_PID\5_2\PID_2\STM32L476RGTX_FLASH.ld" --specs=nosys.specs -Wl,-Map="PID_2.map" -Wl,--gc-sections -static --specs=nano.specs -mfpu=fpv4-sp-d16 -mfloat-abi=hard -mthumb -Wl,--start-group -lc -lm -Wl,--end-group
Finished building target: PID_2.elf
 
arm-none-eabi-objdump -h -S  PID_2.elf  > "PID_2.list"
arm-none-eabi-objcopy  -O binary  PID_2.elf  "PID_2.bin"
arm-none-eabi-size   PID_2.elf 
   text	   data	    bss	    dec	    hex	filename
  23472	    220	   2084	  25776	   64b0	PID_2.elf
Finished building: default.size.stdout
 
Finished building: PID_2.bin
 
Finished building: PID_2.list
 
15:55:32 **** Incremental Build of configuration Debug for project PID_2 ****
make -j12 all 
arm-none-eabi-gcc "../Core/Src/main.c" -mcpu=cortex-m4 -std=gnu11 -g3 -DUSE_HAL_DRIVER -DSTM32L476xx -DDEBUG -c -I../Core/Inc -I../Drivers/STM32L4xx_HAL_Driver/Inc -I../Drivers/STM32L4xx_HAL_Driver/Inc/Legacy -I../Drivers/CMSIS/Device/ST/STM32L4xx/Include -I../Drivers/CMSIS/Include -O0 -ffunction-sections -fdata-sections -Wall -fstack-usage -MMD -MP -MF"Core/Src/main.d" -MT"Core/Src/main.o" --specs=nano.specs -mfpu=fpv4-sp-d16 -mfloat-abi=hard -mthumb -o "Core/Src/main.o"
arm-none-eabi-gcc -o "PID_2.elf" @"objects.list"   -mcpu=cortex-m4 -T"C:\Users\adamj\Desktop\Studia\Semestr_6\SR\Labki\Lab4_PID\5_2\PID_2\STM32L476RGTX_FLASH.ld" --specs=nosys.specs -Wl,-Map="PID_2.map" -Wl,--gc-sections -static --specs=nano.specs -mfpu=fpv4-sp-d16 -mfloat-abi=hard -mthumb -Wl,--start-group -lc -lm -Wl,--end-group
Finished building target: PID_2.elf
 
arm-none-eabi-objdump -h -S  PID_2.elf  > "PID_2.list"
arm-none-eabi-objcopy  -O binary  PID_2.elf  "PID_2.bin"
arm-none-eabi-size   PID_2.elf 
   text	   data	    bss	    dec	    hex	filename
  23364	     20	   2084	  25468	   637c	PID_2.elf
Finished building: default.size.stdout
 
Finished building: PID_2.bin
 
Finished building: PID_2.list
 
15:57:31 **** Incremental Build of configuration Debug for project PID_2 ****
make -j12 all 
arm-none-eabi-gcc "../Core/Src/main.c" -mcpu=cortex-m4 -std=gnu11 -g3 -DUSE_HAL_DRIVER -DSTM32L476xx -DDEBUG -c -I../Core/Inc -I../Drivers/STM32L4xx_HAL_Driver/Inc -I../Drivers/STM32L4xx_HAL_Driver/Inc/Legacy -I../Drivers/CMSIS/Device/ST/STM32L4xx/Include -I../Drivers/CMSIS/Include -O0 -ffunction-sections -fdata-sections -Wall -fstack-usage -MMD -MP -MF"Core/Src/main.d" -MT"Core/Src/main.o" --specs=nano.specs -mfpu=fpv4-sp-d16 -mfloat-abi=hard -mthumb -o "Core/Src/main.o"
arm-none-eabi-gcc -o "PID_2.elf" @"objects.list"   -mcpu=cortex-m4 -T"C:\Users\adamj\Desktop\Studia\Semestr_6\SR\Labki\Lab4_PID\5_2\PID_2\STM32L476RGTX_FLASH.ld" --specs=nosys.specs -Wl,-Map="PID_2.map" -Wl,--gc-sections -static --specs=nano.specs -mfpu=fpv4-sp-d16 -mfloat-abi=hard -mthumb -Wl,--start-group -lc -lm -Wl,--end-group
Finished building target: PID_2.elf
 
arm-none-eabi-objdump -h -S  PID_2.elf  > "PID_2.list"
arm-none-eabi-objcopy  -O binary  PID_2.elf  "PID_2.bin"
arm-none-eabi-size   PID_2.elf 
   text	   data	    bss	    dec	    hex	filename
  23432	    220	   2084	  25736	   6488	PID_2.elf
Finished building: default.size.stdout
 
Finished building: PID_2.bin
 
Finished building: PID_2.list
 
