Archive member included to satisfy reference by file (symbol)

c:/st/stm32cubeide_1.4.0/stm32cubeide/plugins/com.st.stm32cube.ide.mcu.externaltools.gnu-tools-for-stm32.7-2018-q2-update.win32_1.4.0.202007081208/tools/bin/../lib/gcc/arm-none-eabi/7.3.1/../../../../arm-none-eabi/lib/thumb/v7e-m/fpv4-sp/hard\libc_nano.a(lib_a-errno.o)
                              Core/Src/syscalls.o (__errno)
c:/st/stm32cubeide_1.4.0/stm32cubeide/plugins/com.st.stm32cube.ide.mcu.externaltools.gnu-tools-for-stm32.7-2018-q2-update.win32_1.4.0.202007081208/tools/bin/../lib/gcc/arm-none-eabi/7.3.1/../../../../arm-none-eabi/lib/thumb/v7e-m/fpv4-sp/hard\libc_nano.a(lib_a-exit.o)
                              c:/st/stm32cubeide_1.4.0/stm32cubeide/plugins/com.st.stm32cube.ide.mcu.externaltools.gnu-tools-for-stm32.7-2018-q2-update.win32_1.4.0.202007081208/tools/bin/../lib/gcc/arm-none-eabi/7.3.1/../../../../arm-none-eabi/lib/thumb/v7e-m/fpv4-sp/hard/crt0.o (exit)
c:/st/stm32cubeide_1.4.0/stm32cubeide/plugins/com.st.stm32cube.ide.mcu.externaltools.gnu-tools-for-stm32.7-2018-q2-update.win32_1.4.0.202007081208/tools/bin/../lib/gcc/arm-none-eabi/7.3.1/../../../../arm-none-eabi/lib/thumb/v7e-m/fpv4-sp/hard\libc_nano.a(lib_a-impure.o)
                              c:/st/stm32cubeide_1.4.0/stm32cubeide/plugins/com.st.stm32cube.ide.mcu.externaltools.gnu-tools-for-stm32.7-2018-q2-update.win32_1.4.0.202007081208/tools/bin/../lib/gcc/arm-none-eabi/7.3.1/../../../../arm-none-eabi/lib/thumb/v7e-m/fpv4-sp/hard\libc_nano.a(lib_a-exit.o) (_global_impure_ptr)
c:/st/stm32cubeide_1.4.0/stm32cubeide/plugins/com.st.stm32cube.ide.mcu.externaltools.gnu-tools-for-stm32.7-2018-q2-update.win32_1.4.0.202007081208/tools/bin/../lib/gcc/arm-none-eabi/7.3.1/../../../../arm-none-eabi/lib/thumb/v7e-m/fpv4-sp/hard\libc_nano.a(lib_a-init.o)
                              c:/st/stm32cubeide_1.4.0/stm32cubeide/plugins/com.st.stm32cube.ide.mcu.externaltools.gnu-tools-for-stm32.7-2018-q2-update.win32_1.4.0.202007081208/tools/bin/../lib/gcc/arm-none-eabi/7.3.1/../../../../arm-none-eabi/lib/thumb/v7e-m/fpv4-sp/hard/crt0.o (__libc_init_array)
c:/st/stm32cubeide_1.4.0/stm32cubeide/plugins/com.st.stm32cube.ide.mcu.externaltools.gnu-tools-for-stm32.7-2018-q2-update.win32_1.4.0.202007081208/tools/bin/../lib/gcc/arm-none-eabi/7.3.1/../../../../arm-none-eabi/lib/thumb/v7e-m/fpv4-sp/hard\libc_nano.a(lib_a-memset.o)
                              c:/st/stm32cubeide_1.4.0/stm32cubeide/plugins/com.st.stm32cube.ide.mcu.externaltools.gnu-tools-for-stm32.7-2018-q2-update.win32_1.4.0.202007081208/tools/bin/../lib/gcc/arm-none-eabi/7.3.1/../../../../arm-none-eabi/lib/thumb/v7e-m/fpv4-sp/hard/crt0.o (memset)
c:/st/stm32cubeide_1.4.0/stm32cubeide/plugins/com.st.stm32cube.ide.mcu.externaltools.gnu-tools-for-stm32.7-2018-q2-update.win32_1.4.0.202007081208/tools/bin/../lib/gcc/arm-none-eabi/7.3.1/thumb/v7e-m/fpv4-sp/hard\libgcc.a(_aeabi_uldivmod.o)
                              Drivers/STM32L4xx_HAL_Driver/Src/stm32l4xx_hal_uart.o (__aeabi_uldivmod)
c:/st/stm32cubeide_1.4.0/stm32cubeide/plugins/com.st.stm32cube.ide.mcu.externaltools.gnu-tools-for-stm32.7-2018-q2-update.win32_1.4.0.202007081208/tools/bin/../lib/gcc/arm-none-eabi/7.3.1/thumb/v7e-m/fpv4-sp/hard\libgcc.a(_udivmoddi4.o)
                              c:/st/stm32cubeide_1.4.0/stm32cubeide/plugins/com.st.stm32cube.ide.mcu.externaltools.gnu-tools-for-stm32.7-2018-q2-update.win32_1.4.0.202007081208/tools/bin/../lib/gcc/arm-none-eabi/7.3.1/thumb/v7e-m/fpv4-sp/hard\libgcc.a(_aeabi_uldivmod.o) (__udivmoddi4)
c:/st/stm32cubeide_1.4.0/stm32cubeide/plugins/com.st.stm32cube.ide.mcu.externaltools.gnu-tools-for-stm32.7-2018-q2-update.win32_1.4.0.202007081208/tools/bin/../lib/gcc/arm-none-eabi/7.3.1/thumb/v7e-m/fpv4-sp/hard\libgcc.a(_dvmd_tls.o)
                              c:/st/stm32cubeide_1.4.0/stm32cubeide/plugins/com.st.stm32cube.ide.mcu.externaltools.gnu-tools-for-stm32.7-2018-q2-update.win32_1.4.0.202007081208/tools/bin/../lib/gcc/arm-none-eabi/7.3.1/thumb/v7e-m/fpv4-sp/hard\libgcc.a(_aeabi_uldivmod.o) (__aeabi_ldiv0)

Allocating common symbols
Common symbol       size              file

pid                 0x58              Core/Src/main.o
hdac1               0x14              Core/Src/dac.o
dac_control         0x4               Core/Src/main.o
dac_index           0x2               Core/Src/main.o
uwTick              0x4               Drivers/STM32L4xx_HAL_Driver/Src/stm32l4xx_hal.o
adc_flag            0x4               Core/Src/main.o
adc_value           0x4               Core/Src/main.o
hadc1               0x64              Core/Src/adc.o
step_desired        0x4               Core/Src/main.o
htim6               0x4c              Core/Src/tim.o
huart2              0x80              Core/Src/usart.o
dac_nperiod         0x1               Core/Src/main.o
htim7               0x4c              Core/Src/tim.o
dac_value           0x4               Core/Src/main.o

Discarded input sections

[...]
Memory Configuration

Name             Origin             Length             Attributes
RAM              0x0000000020000000 0x0000000000018000 xrw
RAM2             0x0000000010000000 0x0000000000008000 xrw
FLASH            0x0000000008000000 0x0000000000100000 xr
*default*        0x0000000000000000 0xffffffffffffffff

Linker script and memory map

LOAD c:/st/stm32cubeide_1.4.0/stm32cubeide/plugins/com.st.stm32cube.ide.mcu.externaltools.gnu-tools-for-stm32.7-2018-q2-update.win32_1.4.0.202007081208/tools/bin/../lib/gcc/arm-none-eabi/7.3.1/thumb/v7e-m/fpv4-sp/hard/crti.o
LOAD c:/st/stm32cubeide_1.4.0/stm32cubeide/plugins/com.st.stm32cube.ide.mcu.externaltools.gnu-tools-for-stm32.7-2018-q2-update.win32_1.4.0.202007081208/tools/bin/../lib/gcc/arm-none-eabi/7.3.1/thumb/v7e-m/fpv4-sp/hard/crtbegin.o
LOAD c:/st/stm32cubeide_1.4.0/stm32cubeide/plugins/com.st.stm32cube.ide.mcu.externaltools.gnu-tools-for-stm32.7-2018-q2-update.win32_1.4.0.202007081208/tools/bin/../lib/gcc/arm-none-eabi/7.3.1/../../../../arm-none-eabi/lib/thumb/v7e-m/fpv4-sp/hard/crt0.o
LOAD Core/Src/adc.o
LOAD Core/Src/dac.o
LOAD Core/Src/gpio.o
LOAD Core/Src/main.o
LOAD Core/Src/pid.o
LOAD Core/Src/stm32l4xx_hal_msp.o
LOAD Core/Src/stm32l4xx_it.o
LOAD Core/Src/syscalls.o
LOAD Core/Src/sysmem.o
LOAD Core/Src/system_stm32l4xx.o
LOAD Core/Src/tim.o
LOAD Core/Src/usart.o
LOAD Core/Startup/startup_stm32l476rgtx.o
LOAD Drivers/STM32L4xx_HAL_Driver/Src/stm32l4xx_hal.o
LOAD Drivers/STM32L4xx_HAL_Driver/Src/stm32l4xx_hal_adc.o
LOAD Drivers/STM32L4xx_HAL_Driver/Src/stm32l4xx_hal_adc_ex.o
LOAD Drivers/STM32L4xx_HAL_Driver/Src/stm32l4xx_hal_cortex.o
LOAD Drivers/STM32L4xx_HAL_Driver/Src/stm32l4xx_hal_dac.o
LOAD Drivers/STM32L4xx_HAL_Driver/Src/stm32l4xx_hal_dac_ex.o
LOAD Drivers/STM32L4xx_HAL_Driver/Src/stm32l4xx_hal_dma.o
LOAD Drivers/STM32L4xx_HAL_Driver/Src/stm32l4xx_hal_dma_ex.o
LOAD Drivers/STM32L4xx_HAL_Driver/Src/stm32l4xx_hal_exti.o
LOAD Drivers/STM32L4xx_HAL_Driver/Src/stm32l4xx_hal_flash.o
LOAD Drivers/STM32L4xx_HAL_Driver/Src/stm32l4xx_hal_flash_ex.o
LOAD Drivers/STM32L4xx_HAL_Driver/Src/stm32l4xx_hal_flash_ramfunc.o
LOAD Drivers/STM32L4xx_HAL_Driver/Src/stm32l4xx_hal_gpio.o
LOAD Drivers/STM32L4xx_HAL_Driver/Src/stm32l4xx_hal_i2c.o
LOAD Drivers/STM32L4xx_HAL_Driver/Src/stm32l4xx_hal_i2c_ex.o
LOAD Drivers/STM32L4xx_HAL_Driver/Src/stm32l4xx_hal_pwr.o
LOAD Drivers/STM32L4xx_HAL_Driver/Src/stm32l4xx_hal_pwr_ex.o
LOAD Drivers/STM32L4xx_HAL_Driver/Src/stm32l4xx_hal_rcc.o
LOAD Drivers/STM32L4xx_HAL_Driver/Src/stm32l4xx_hal_rcc_ex.o
LOAD Drivers/STM32L4xx_HAL_Driver/Src/stm32l4xx_hal_tim.o
LOAD Drivers/STM32L4xx_HAL_Driver/Src/stm32l4xx_hal_tim_ex.o
LOAD Drivers/STM32L4xx_HAL_Driver/Src/stm32l4xx_hal_uart.o
LOAD Drivers/STM32L4xx_HAL_Driver/Src/stm32l4xx_hal_uart_ex.o
START GROUP
LOAD c:/st/stm32cubeide_1.4.0/stm32cubeide/plugins/com.st.stm32cube.ide.mcu.externaltools.gnu-tools-for-stm32.7-2018-q2-update.win32_1.4.0.202007081208/tools/bin/../lib/gcc/arm-none-eabi/7.3.1/../../../../arm-none-eabi/lib/thumb/v7e-m/fpv4-sp/hard\libc_nano.a
LOAD c:/st/stm32cubeide_1.4.0/stm32cubeide/plugins/com.st.stm32cube.ide.mcu.externaltools.gnu-tools-for-stm32.7-2018-q2-update.win32_1.4.0.202007081208/tools/bin/../lib/gcc/arm-none-eabi/7.3.1/../../../../arm-none-eabi/lib/thumb/v7e-m/fpv4-sp/hard\libm.a
END GROUP
START GROUP
LOAD c:/st/stm32cubeide_1.4.0/stm32cubeide/plugins/com.st.stm32cube.ide.mcu.externaltools.gnu-tools-for-stm32.7-2018-q2-update.win32_1.4.0.202007081208/tools/bin/../lib/gcc/arm-none-eabi/7.3.1/thumb/v7e-m/fpv4-sp/hard\libgcc.a
LOAD c:/st/stm32cubeide_1.4.0/stm32cubeide/plugins/com.st.stm32cube.ide.mcu.externaltools.gnu-tools-for-stm32.7-2018-q2-update.win32_1.4.0.202007081208/tools/bin/../lib/gcc/arm-none-eabi/7.3.1/../../../../arm-none-eabi/lib/thumb/v7e-m/fpv4-sp/hard\libc_nano.a
END GROUP
START GROUP
LOAD c:/st/stm32cubeide_1.4.0/stm32cubeide/plugins/com.st.stm32cube.ide.mcu.externaltools.gnu-tools-for-stm32.7-2018-q2-update.win32_1.4.0.202007081208/tools/bin/../lib/gcc/arm-none-eabi/7.3.1/thumb/v7e-m/fpv4-sp/hard\libgcc.a
LOAD c:/st/stm32cubeide_1.4.0/stm32cubeide/plugins/com.st.stm32cube.ide.mcu.externaltools.gnu-tools-for-stm32.7-2018-q2-update.win32_1.4.0.202007081208/tools/bin/../lib/gcc/arm-none-eabi/7.3.1/../../../../arm-none-eabi/lib/thumb/v7e-m/fpv4-sp/hard\libc_nano.a
LOAD c:/st/stm32cubeide_1.4.0/stm32cubeide/plugins/com.st.stm32cube.ide.mcu.externaltools.gnu-tools-for-stm32.7-2018-q2-update.win32_1.4.0.202007081208/tools/bin/../lib/gcc/arm-none-eabi/7.3.1/../../../../arm-none-eabi/lib/thumb/v7e-m/fpv4-sp/hard\libnosys.a
END GROUP
START GROUP
LOAD c:/st/stm32cubeide_1.4.0/stm32cubeide/plugins/com.st.stm32cube.ide.mcu.externaltools.gnu-tools-for-stm32.7-2018-q2-update.win32_1.4.0.202007081208/tools/bin/../lib/gcc/arm-none-eabi/7.3.1/thumb/v7e-m/fpv4-sp/hard\libgcc.a
LOAD c:/st/stm32cubeide_1.4.0/stm32cubeide/plugins/com.st.stm32cube.ide.mcu.externaltools.gnu-tools-for-stm32.7-2018-q2-update.win32_1.4.0.202007081208/tools/bin/../lib/gcc/arm-none-eabi/7.3.1/../../../../arm-none-eabi/lib/thumb/v7e-m/fpv4-sp/hard\libc_nano.a
LOAD c:/st/stm32cubeide_1.4.0/stm32cubeide/plugins/com.st.stm32cube.ide.mcu.externaltools.gnu-tools-for-stm32.7-2018-q2-update.win32_1.4.0.202007081208/tools/bin/../lib/gcc/arm-none-eabi/7.3.1/../../../../arm-none-eabi/lib/thumb/v7e-m/fpv4-sp/hard\libnosys.a
END GROUP
LOAD c:/st/stm32cubeide_1.4.0/stm32cubeide/plugins/com.st.stm32cube.ide.mcu.externaltools.gnu-tools-for-stm32.7-2018-q2-update.win32_1.4.0.202007081208/tools/bin/../lib/gcc/arm-none-eabi/7.3.1/thumb/v7e-m/fpv4-sp/hard/crtend.o
LOAD c:/st/stm32cubeide_1.4.0/stm32cubeide/plugins/com.st.stm32cube.ide.mcu.externaltools.gnu-tools-for-stm32.7-2018-q2-update.win32_1.4.0.202007081208/tools/bin/../lib/gcc/arm-none-eabi/7.3.1/thumb/v7e-m/fpv4-sp/hard/crtn.o
                0x0000000020018000                _estack = (ORIGIN (RAM) + LENGTH (RAM))
                0x0000000000000200                _Min_Heap_Size = 0x200
                0x0000000000000400                _Min_Stack_Size = 0x400

.isr_vector     0x0000000008000000      0x188
                0x0000000008000000                . = ALIGN (0x4)
 *(.isr_vector)
 .isr_vector    0x0000000008000000      0x188 Core/Startup/startup_stm32l476rgtx.o
                0x0000000008000000                g_pfnVectors
                0x0000000008000188                . = ALIGN (0x4)

.text           0x0000000008000188     0x59b4
                0x0000000008000188                . = ALIGN (0x4)
 *(.text)
 .text          0x0000000008000188       0x40 c:/st/stm32cubeide_1.4.0/stm32cubeide/plugins/com.st.stm32cube.ide.mcu.externaltools.gnu-tools-for-stm32.7-2018-q2-update.win32_1.4.0.202007081208/tools/bin/../lib/gcc/arm-none-eabi/7.3.1/thumb/v7e-m/fpv4-sp/hard/crtbegin.o
 .text          0x00000000080001c8       0x30 c:/st/stm32cubeide_1.4.0/stm32cubeide/plugins/com.st.stm32cube.ide.mcu.externaltools.gnu-tools-for-stm32.7-2018-q2-update.win32_1.4.0.202007081208/tools/bin/../lib/gcc/arm-none-eabi/7.3.1/thumb/v7e-m/fpv4-sp/hard\libgcc.a(_aeabi_uldivmod.o)
                0x00000000080001c8                __aeabi_uldivmod
 .text          0x00000000080001f8      0x2cc c:/st/stm32cubeide_1.4.0/stm32cubeide/plugins/com.st.stm32cube.ide.mcu.externaltools.gnu-tools-for-stm32.7-2018-q2-update.win32_1.4.0.202007081208/tools/bin/../lib/gcc/arm-none-eabi/7.3.1/thumb/v7e-m/fpv4-sp/hard\libgcc.a(_udivmoddi4.o)
                0x00000000080001f8                __udivmoddi4
 .text          0x00000000080004c4        0x4 c:/st/stm32cubeide_1.4.0/stm32cubeide/plugins/com.st.stm32cube.ide.mcu.externaltools.gnu-tools-for-stm32.7-2018-q2-update.win32_1.4.0.202007081208/tools/bin/../lib/gcc/arm-none-eabi/7.3.1/thumb/v7e-m/fpv4-sp/hard\libgcc.a(_dvmd_tls.o)
                0x00000000080004c4                __aeabi_idiv0
                0x00000000080004c4                __aeabi_ldiv0
 *(.text*)
 .text.MX_ADC1_Init
                0x00000000080004c8       0xf0 Core/Src/adc.o
                0x00000000080004c8                MX_ADC1_Init
 .text.HAL_ADC_MspInit
                0x00000000080005b8       0x90 Core/Src/adc.o
                0x00000000080005b8                HAL_ADC_MspInit
 .text.MX_DAC1_Init
                0x0000000008000648       0x64 Core/Src/dac.o
                0x0000000008000648                MX_DAC1_Init
 .text.HAL_DAC_MspInit
                0x00000000080006ac       0x8c Core/Src/dac.o
                0x00000000080006ac                HAL_DAC_MspInit
 .text.MX_GPIO_Init
                0x0000000008000738       0xd0 Core/Src/gpio.o
                0x0000000008000738                MX_GPIO_Init
 .text.HAL_ADC_ConvCpltCallback
                0x0000000008000808       0x38 Core/Src/main.o
                0x0000000008000808                HAL_ADC_ConvCpltCallback
 .text.HAL_TIM_PeriodElapsedCallback
                0x0000000008000840       0x80 Core/Src/main.o
                0x0000000008000840                HAL_TIM_PeriodElapsedCallback
 .text.main     0x00000000080008c0      0x148 Core/Src/main.o
                0x00000000080008c0                main
 .text.SystemClock_Config
                0x0000000008000a08      0x110 Core/Src/main.o
                0x0000000008000a08                SystemClock_Config
 .text.Error_Handler
                0x0000000008000b18        0xe Core/Src/main.o
                0x0000000008000b18                Error_Handler
 .text.pid_init
                0x0000000008000b26      0x116 Core/Src/pid.o
                0x0000000008000b26                pid_init
 .text.pid_calc
                0x0000000008000c3c      0x174 Core/Src/pid.o
                0x0000000008000c3c                pid_calc
 .text.pid_scale
                0x0000000008000db0       0x34 Core/Src/pid.o
                0x0000000008000db0                pid_scale
 .text.HAL_MspInit
                0x0000000008000de4       0x48 Core/Src/stm32l4xx_hal_msp.o
                0x0000000008000de4                HAL_MspInit
 .text.NMI_Handler
                0x0000000008000e2c        0xe Core/Src/stm32l4xx_it.o
                0x0000000008000e2c                NMI_Handler
 .text.HardFault_Handler
                0x0000000008000e3a        0x6 Core/Src/stm32l4xx_it.o
                0x0000000008000e3a                HardFault_Handler
 .text.MemManage_Handler
                0x0000000008000e40        0x6 Core/Src/stm32l4xx_it.o
                0x0000000008000e40                MemManage_Handler
 .text.BusFault_Handler
                0x0000000008000e46        0x6 Core/Src/stm32l4xx_it.o
                0x0000000008000e46                BusFault_Handler
 .text.UsageFault_Handler
                0x0000000008000e4c        0x6 Core/Src/stm32l4xx_it.o
                0x0000000008000e4c                UsageFault_Handler
 .text.SVC_Handler
                0x0000000008000e52        0xe Core/Src/stm32l4xx_it.o
                0x0000000008000e52                SVC_Handler
 .text.DebugMon_Handler
                0x0000000008000e60        0xe Core/Src/stm32l4xx_it.o
                0x0000000008000e60                DebugMon_Handler
 .text.PendSV_Handler
                0x0000000008000e6e        0xe Core/Src/stm32l4xx_it.o
                0x0000000008000e6e                PendSV_Handler
 .text.SysTick_Handler
                0x0000000008000e7c        0xc Core/Src/stm32l4xx_it.o
                0x0000000008000e7c                SysTick_Handler
 .text.ADC1_2_IRQHandler
                0x0000000008000e88       0x14 Core/Src/stm32l4xx_it.o
                0x0000000008000e88                ADC1_2_IRQHandler
 .text.TIM6_DAC_IRQHandler
                0x0000000008000e9c       0x1c Core/Src/stm32l4xx_it.o
                0x0000000008000e9c                TIM6_DAC_IRQHandler
 .text.TIM7_IRQHandler
                0x0000000008000eb8       0x14 Core/Src/stm32l4xx_it.o
                0x0000000008000eb8                TIM7_IRQHandler
 .text.SystemInit
                0x0000000008000ecc       0x6c Core/Src/system_stm32l4xx.o
                0x0000000008000ecc                SystemInit
 .text.MX_TIM6_Init
                0x0000000008000f38       0x6c Core/Src/tim.o
                0x0000000008000f38                MX_TIM6_Init
 .text.MX_TIM7_Init
                0x0000000008000fa4       0x6c Core/Src/tim.o
                0x0000000008000fa4                MX_TIM7_Init
 .text.HAL_TIM_Base_MspInit
                0x0000000008001010       0x84 Core/Src/tim.o
                0x0000000008001010                HAL_TIM_Base_MspInit
 .text.MX_USART2_UART_Init
                0x0000000008001094       0x60 Core/Src/usart.o
                0x0000000008001094                MX_USART2_UART_Init
 .text.HAL_UART_MspInit
                0x00000000080010f4       0x84 Core/Src/usart.o
                0x00000000080010f4                HAL_UART_MspInit
 .text.Reset_Handler
                0x0000000008001178       0x50 Core/Startup/startup_stm32l476rgtx.o
                0x0000000008001178                Reset_Handler
 .text.Default_Handler
                0x00000000080011c8        0x2 Core/Startup/startup_stm32l476rgtx.o
                0x00000000080011c8                RTC_Alarm_IRQHandler
                0x00000000080011c8                EXTI2_IRQHandler
                0x00000000080011c8                TIM8_TRG_COM_IRQHandler
                0x00000000080011c8                TIM8_CC_IRQHandler
                0x00000000080011c8                TIM1_CC_IRQHandler
                0x00000000080011c8                TSC_IRQHandler
                0x00000000080011c8                TAMP_STAMP_IRQHandler
                0x00000000080011c8                EXTI3_IRQHandler
                0x00000000080011c8                LPTIM2_IRQHandler
                0x00000000080011c8                DFSDM1_FLT1_IRQHandler
                0x00000000080011c8                I2C3_ER_IRQHandler
                0x00000000080011c8                DFSDM1_FLT2_IRQHandler
                0x00000000080011c8                EXTI0_IRQHandler
                0x00000000080011c8                I2C2_EV_IRQHandler
                0x00000000080011c8                CAN1_RX0_IRQHandler
                0x00000000080011c8                FPU_IRQHandler
                0x00000000080011c8                TIM1_UP_TIM16_IRQHandler
                0x00000000080011c8                SPI1_IRQHandler
                0x00000000080011c8                TIM8_UP_IRQHandler
                0x00000000080011c8                DMA2_Channel2_IRQHandler
                0x00000000080011c8                DMA1_Channel4_IRQHandler
                0x00000000080011c8                SAI2_IRQHandler
                0x00000000080011c8                DFSDM1_FLT3_IRQHandler
                0x00000000080011c8                USART3_IRQHandler
                0x00000000080011c8                DMA1_Channel7_IRQHandler
                0x00000000080011c8                CAN1_RX1_IRQHandler
                0x00000000080011c8                LCD_IRQHandler
                0x00000000080011c8                UART5_IRQHandler
                0x00000000080011c8                ADC3_IRQHandler
                0x00000000080011c8                TIM4_IRQHandler
                0x00000000080011c8                DMA2_Channel1_IRQHandler
                0x00000000080011c8                QUADSPI_IRQHandler
                0x00000000080011c8                I2C1_EV_IRQHandler
                0x00000000080011c8                DMA1_Channel6_IRQHandler
                0x00000000080011c8                UART4_IRQHandler
                0x00000000080011c8                DMA2_Channel4_IRQHandler
                0x00000000080011c8                TIM3_IRQHandler
                0x00000000080011c8                RCC_IRQHandler
                0x00000000080011c8                DMA1_Channel1_IRQHandler
                0x00000000080011c8                Default_Handler
                0x00000000080011c8                DMA2_Channel7_IRQHandler
                0x00000000080011c8                EXTI15_10_IRQHandler
                0x00000000080011c8                SDMMC1_IRQHandler
                0x00000000080011c8                TIM5_IRQHandler
                0x00000000080011c8                I2C3_EV_IRQHandler
                0x00000000080011c8                EXTI9_5_IRQHandler
                0x00000000080011c8                RTC_WKUP_IRQHandler
                0x00000000080011c8                PVD_PVM_IRQHandler
                0x00000000080011c8                SPI2_IRQHandler
                0x00000000080011c8                CAN1_TX_IRQHandler
                0x00000000080011c8                DMA2_Channel5_IRQHandler
                0x00000000080011c8                DMA1_Channel5_IRQHandler
                0x00000000080011c8                EXTI4_IRQHandler
                0x00000000080011c8                RNG_IRQHandler
                0x00000000080011c8                TIM1_TRG_COM_TIM17_IRQHandler
                0x00000000080011c8                DMA1_Channel3_IRQHandler
                0x00000000080011c8                COMP_IRQHandler
                0x00000000080011c8                WWDG_IRQHandler
                0x00000000080011c8                LPUART1_IRQHandler
                0x00000000080011c8                DMA2_Channel6_IRQHandler
                0x00000000080011c8                TIM2_IRQHandler
                0x00000000080011c8                EXTI1_IRQHandler
                0x00000000080011c8                USART2_IRQHandler
                0x00000000080011c8                DFSDM1_FLT0_IRQHandler
                0x00000000080011c8                I2C2_ER_IRQHandler
                0x00000000080011c8                DMA1_Channel2_IRQHandler
                0x00000000080011c8                TIM8_BRK_IRQHandler
                0x00000000080011c8                CAN1_SCE_IRQHandler
                0x00000000080011c8                FLASH_IRQHandler
                0x00000000080011c8                USART1_IRQHandler
                0x00000000080011c8                OTG_FS_IRQHandler
                0x00000000080011c8                SPI3_IRQHandler
                0x00000000080011c8                I2C1_ER_IRQHandler
                0x00000000080011c8                FMC_IRQHandler
                0x00000000080011c8                SWPMI1_IRQHandler
                0x00000000080011c8                LPTIM1_IRQHandler
                0x00000000080011c8                SAI1_IRQHandler
                0x00000000080011c8                DMA2_Channel3_IRQHandler
                0x00000000080011c8                TIM1_BRK_TIM15_IRQHandler
 *fill*         0x00000000080011ca        0x2 
 .text.HAL_Init
                0x00000000080011cc       0x40 Drivers/STM32L4xx_HAL_Driver/Src/stm32l4xx_hal.o
                0x00000000080011cc                HAL_Init
 .text.HAL_InitTick
                0x000000000800120c       0x78 Drivers/STM32L4xx_HAL_Driver/Src/stm32l4xx_hal.o
                0x000000000800120c                HAL_InitTick
 .text.HAL_IncTick
                0x0000000008001284       0x28 Drivers/STM32L4xx_HAL_Driver/Src/stm32l4xx_hal.o
                0x0000000008001284                HAL_IncTick
 .text.HAL_GetTick
                0x00000000080012ac       0x18 Drivers/STM32L4xx_HAL_Driver/Src/stm32l4xx_hal.o
                0x00000000080012ac                HAL_GetTick
 .text.HAL_Delay
                0x00000000080012c4       0x44 Drivers/STM32L4xx_HAL_Driver/Src/stm32l4xx_hal.o
                0x00000000080012c4                HAL_Delay
 .text.LL_ADC_SetCommonClock
                0x0000000008001308       0x26 Drivers/STM32L4xx_HAL_Driver/Src/stm32l4xx_hal_adc.o
 .text.LL_ADC_SetCommonPathInternalCh
                0x000000000800132e       0x26 Drivers/STM32L4xx_HAL_Driver/Src/stm32l4xx_hal_adc.o
 .text.LL_ADC_GetCommonPathInternalCh
                0x0000000008001354       0x1c Drivers/STM32L4xx_HAL_Driver/Src/stm32l4xx_hal_adc.o
 .text.LL_ADC_SetOffset
                0x0000000008001370       0x48 Drivers/STM32L4xx_HAL_Driver/Src/stm32l4xx_hal_adc.o
 .text.LL_ADC_GetOffsetChannel
                0x00000000080013b8       0x2c Drivers/STM32L4xx_HAL_Driver/Src/stm32l4xx_hal_adc.o
 .text.LL_ADC_SetOffsetState
                0x00000000080013e4       0x36 Drivers/STM32L4xx_HAL_Driver/Src/stm32l4xx_hal_adc.o
 .text.LL_ADC_REG_IsTriggerSourceSWStart
                0x000000000800141a       0x26 Drivers/STM32L4xx_HAL_Driver/Src/stm32l4xx_hal_adc.o
 .text.LL_ADC_REG_SetSequencerRanks
                0x0000000008001440       0x58 Drivers/STM32L4xx_HAL_Driver/Src/stm32l4xx_hal_adc.o
 .text.LL_ADC_INJ_IsTriggerSourceSWStart
                0x0000000008001498       0x26 Drivers/STM32L4xx_HAL_Driver/Src/stm32l4xx_hal_adc.o
 .text.LL_ADC_SetChannelSamplingTime
                0x00000000080014be       0x56 Drivers/STM32L4xx_HAL_Driver/Src/stm32l4xx_hal_adc.o
 .text.LL_ADC_SetChannelSingleDiff
                0x0000000008001514       0x48 Drivers/STM32L4xx_HAL_Driver/Src/stm32l4xx_hal_adc.o
 .text.LL_ADC_GetMultimode
                0x000000000800155c       0x1c Drivers/STM32L4xx_HAL_Driver/Src/stm32l4xx_hal_adc.o
 .text.LL_ADC_GetMultiDMATransfer
                0x0000000008001578       0x1c Drivers/STM32L4xx_HAL_Driver/Src/stm32l4xx_hal_adc.o
 .text.LL_ADC_DisableDeepPowerDown
                0x0000000008001594       0x24 Drivers/STM32L4xx_HAL_Driver/Src/stm32l4xx_hal_adc.o
 .text.LL_ADC_IsDeepPowerDownEnabled
                0x00000000080015b8       0x28 Drivers/STM32L4xx_HAL_Driver/Src/stm32l4xx_hal_adc.o
 .text.LL_ADC_EnableInternalRegulator
                0x00000000080015e0       0x28 Drivers/STM32L4xx_HAL_Driver/Src/stm32l4xx_hal_adc.o
 .text.LL_ADC_IsInternalRegulatorEnabled
                0x0000000008001608       0x28 Drivers/STM32L4xx_HAL_Driver/Src/stm32l4xx_hal_adc.o
 .text.LL_ADC_Enable
                0x0000000008001630       0x28 Drivers/STM32L4xx_HAL_Driver/Src/stm32l4xx_hal_adc.o
 .text.LL_ADC_IsEnabled
                0x0000000008001658       0x26 Drivers/STM32L4xx_HAL_Driver/Src/stm32l4xx_hal_adc.o
 .text.LL_ADC_REG_StartConversion
                0x000000000800167e       0x28 Drivers/STM32L4xx_HAL_Driver/Src/stm32l4xx_hal_adc.o
 .text.LL_ADC_REG_IsConversionOngoing
                0x00000000080016a6       0x26 Drivers/STM32L4xx_HAL_Driver/Src/stm32l4xx_hal_adc.o
 .text.LL_ADC_INJ_IsConversionOngoing
                0x00000000080016cc       0x26 Drivers/STM32L4xx_HAL_Driver/Src/stm32l4xx_hal_adc.o
 *fill*         0x00000000080016f2        0x2 
 .text.HAL_ADC_Init
                0x00000000080016f4      0x2a8 Drivers/STM32L4xx_HAL_Driver/Src/stm32l4xx_hal_adc.o
                0x00000000080016f4                HAL_ADC_Init
 .text.HAL_ADC_Start_IT
                0x000000000800199c      0x264 Drivers/STM32L4xx_HAL_Driver/Src/stm32l4xx_hal_adc.o
                0x000000000800199c                HAL_ADC_Start_IT
 .text.HAL_ADC_GetValue
                0x0000000008001c00       0x1a Drivers/STM32L4xx_HAL_Driver/Src/stm32l4xx_hal_adc.o
                0x0000000008001c00                HAL_ADC_GetValue
 *fill*         0x0000000008001c1a        0x2 
 .text.HAL_ADC_IRQHandler
                0x0000000008001c1c      0x434 Drivers/STM32L4xx_HAL_Driver/Src/stm32l4xx_hal_adc.o
                0x0000000008001c1c                HAL_ADC_IRQHandler
 .text.HAL_ADC_LevelOutOfWindowCallback
                0x0000000008002050       0x14 Drivers/STM32L4xx_HAL_Driver/Src/stm32l4xx_hal_adc.o
                0x0000000008002050                HAL_ADC_LevelOutOfWindowCallback
 .text.HAL_ADC_ErrorCallback
                0x0000000008002064       0x14 Drivers/STM32L4xx_HAL_Driver/Src/stm32l4xx_hal_adc.o
                0x0000000008002064                HAL_ADC_ErrorCallback
 .text.HAL_ADC_ConfigChannel
                0x0000000008002078      0x7dc Drivers/STM32L4xx_HAL_Driver/Src/stm32l4xx_hal_adc.o
                0x0000000008002078                HAL_ADC_ConfigChannel
 .text.ADC_Enable
                0x0000000008002854       0xb4 Drivers/STM32L4xx_HAL_Driver/Src/stm32l4xx_hal_adc.o
                0x0000000008002854                ADC_Enable
 .text.LL_ADC_IsEnabled
                0x0000000008002908       0x26 Drivers/STM32L4xx_HAL_Driver/Src/stm32l4xx_hal_adc_ex.o
 .text.LL_ADC_REG_IsConversionOngoing
                0x000000000800292e       0x26 Drivers/STM32L4xx_HAL_Driver/Src/stm32l4xx_hal_adc_ex.o
 .text.HAL_ADCEx_InjectedConvCpltCallback
                0x0000000008002954       0x14 Drivers/STM32L4xx_HAL_Driver/Src/stm32l4xx_hal_adc_ex.o
                0x0000000008002954                HAL_ADCEx_InjectedConvCpltCallback
 .text.HAL_ADCEx_InjectedQueueOverflowCallback
                0x0000000008002968       0x14 Drivers/STM32L4xx_HAL_Driver/Src/stm32l4xx_hal_adc_ex.o
                0x0000000008002968                HAL_ADCEx_InjectedQueueOverflowCallback
 .text.HAL_ADCEx_LevelOutOfWindow2Callback
                0x000000000800297c       0x14 Drivers/STM32L4xx_HAL_Driver/Src/stm32l4xx_hal_adc_ex.o
                0x000000000800297c                HAL_ADCEx_LevelOutOfWindow2Callback
 .text.HAL_ADCEx_LevelOutOfWindow3Callback
                0x0000000008002990       0x14 Drivers/STM32L4xx_HAL_Driver/Src/stm32l4xx_hal_adc_ex.o
                0x0000000008002990                HAL_ADCEx_LevelOutOfWindow3Callback
 .text.HAL_ADCEx_EndOfSamplingCallback
                0x00000000080029a4       0x14 Drivers/STM32L4xx_HAL_Driver/Src/stm32l4xx_hal_adc_ex.o
                0x00000000080029a4                HAL_ADCEx_EndOfSamplingCallback
 .text.HAL_ADCEx_MultiModeConfigChannel
                0x00000000080029b8      0x158 Drivers/STM32L4xx_HAL_Driver/Src/stm32l4xx_hal_adc_ex.o
                0x00000000080029b8                HAL_ADCEx_MultiModeConfigChannel
 .text.__NVIC_SetPriorityGrouping
                0x0000000008002b10       0x48 Drivers/STM32L4xx_HAL_Driver/Src/stm32l4xx_hal_cortex.o
 .text.__NVIC_GetPriorityGrouping
                0x0000000008002b58       0x1c Drivers/STM32L4xx_HAL_Driver/Src/stm32l4xx_hal_cortex.o
 .text.__NVIC_EnableIRQ
                0x0000000008002b74       0x3c Drivers/STM32L4xx_HAL_Driver/Src/stm32l4xx_hal_cortex.o
 .text.__NVIC_SetPriority
                0x0000000008002bb0       0x54 Drivers/STM32L4xx_HAL_Driver/Src/stm32l4xx_hal_cortex.o
 .text.NVIC_EncodePriority
                0x0000000008002c04       0x66 Drivers/STM32L4xx_HAL_Driver/Src/stm32l4xx_hal_cortex.o
 *fill*         0x0000000008002c6a        0x2 
 .text.SysTick_Config
                0x0000000008002c6c       0x44 Drivers/STM32L4xx_HAL_Driver/Src/stm32l4xx_hal_cortex.o
 .text.HAL_NVIC_SetPriorityGrouping
                0x0000000008002cb0       0x16 Drivers/STM32L4xx_HAL_Driver/Src/stm32l4xx_hal_cortex.o
                0x0000000008002cb0                HAL_NVIC_SetPriorityGrouping
 .text.HAL_NVIC_SetPriority
                0x0000000008002cc6       0x38 Drivers/STM32L4xx_HAL_Driver/Src/stm32l4xx_hal_cortex.o
                0x0000000008002cc6                HAL_NVIC_SetPriority
 .text.HAL_NVIC_EnableIRQ
                0x0000000008002cfe       0x1c Drivers/STM32L4xx_HAL_Driver/Src/stm32l4xx_hal_cortex.o
                0x0000000008002cfe                HAL_NVIC_EnableIRQ
 .text.HAL_SYSTICK_Config
                0x0000000008002d1a       0x18 Drivers/STM32L4xx_HAL_Driver/Src/stm32l4xx_hal_cortex.o
                0x0000000008002d1a                HAL_SYSTICK_Config
 .text.HAL_DAC_Init
                0x0000000008002d32       0x44 Drivers/STM32L4xx_HAL_Driver/Src/stm32l4xx_hal_dac.o
                0x0000000008002d32                HAL_DAC_Init
 .text.HAL_DAC_Start
                0x0000000008002d76       0x9a Drivers/STM32L4xx_HAL_Driver/Src/stm32l4xx_hal_dac.o
                0x0000000008002d76                HAL_DAC_Start
 .text.HAL_DAC_IRQHandler
                0x0000000008002e10       0xb4 Drivers/STM32L4xx_HAL_Driver/Src/stm32l4xx_hal_dac.o
                0x0000000008002e10                HAL_DAC_IRQHandler
 .text.HAL_DAC_SetValue
                0x0000000008002ec4       0x4a Drivers/STM32L4xx_HAL_Driver/Src/stm32l4xx_hal_dac.o
                0x0000000008002ec4                HAL_DAC_SetValue
 .text.HAL_DAC_DMAUnderrunCallbackCh1
                0x0000000008002f0e       0x14 Drivers/STM32L4xx_HAL_Driver/Src/stm32l4xx_hal_dac.o
                0x0000000008002f0e                HAL_DAC_DMAUnderrunCallbackCh1
 .text.HAL_DAC_ConfigChannel
                0x0000000008002f22      0x234 Drivers/STM32L4xx_HAL_Driver/Src/stm32l4xx_hal_dac.o
                0x0000000008002f22                HAL_DAC_ConfigChannel
 .text.HAL_DACEx_DMAUnderrunCallbackCh2
                0x0000000008003156       0x14 Drivers/STM32L4xx_HAL_Driver/Src/stm32l4xx_hal_dac_ex.o
                0x0000000008003156                HAL_DACEx_DMAUnderrunCallbackCh2
 *fill*         0x000000000800316a        0x2 
 .text.HAL_GPIO_Init
                0x000000000800316c      0x350 Drivers/STM32L4xx_HAL_Driver/Src/stm32l4xx_hal_gpio.o
                0x000000000800316c                HAL_GPIO_Init
 .text.HAL_GPIO_WritePin
                0x00000000080034bc       0x30 Drivers/STM32L4xx_HAL_Driver/Src/stm32l4xx_hal_gpio.o
                0x00000000080034bc                HAL_GPIO_WritePin
 .text.HAL_PWREx_GetVoltageRange
                0x00000000080034ec       0x1c Drivers/STM32L4xx_HAL_Driver/Src/stm32l4xx_hal_pwr_ex.o
                0x00000000080034ec                HAL_PWREx_GetVoltageRange
 .text.HAL_PWREx_ControlVoltageScaling
                0x0000000008003508       0xac Drivers/STM32L4xx_HAL_Driver/Src/stm32l4xx_hal_pwr_ex.o
                0x0000000008003508                HAL_PWREx_ControlVoltageScaling
 .text.HAL_RCC_OscConfig
                0x00000000080035b4      0x7cc Drivers/STM32L4xx_HAL_Driver/Src/stm32l4xx_hal_rcc.o
                0x00000000080035b4                HAL_RCC_OscConfig
 .text.HAL_RCC_ClockConfig
                0x0000000008003d80      0x1c4 Drivers/STM32L4xx_HAL_Driver/Src/stm32l4xx_hal_rcc.o
                0x0000000008003d80                HAL_RCC_ClockConfig
 .text.HAL_RCC_GetSysClockFreq
                0x0000000008003f44      0x114 Drivers/STM32L4xx_HAL_Driver/Src/stm32l4xx_hal_rcc.o
                0x0000000008003f44                HAL_RCC_GetSysClockFreq
 .text.HAL_RCC_GetHCLKFreq
                0x0000000008004058       0x18 Drivers/STM32L4xx_HAL_Driver/Src/stm32l4xx_hal_rcc.o
                0x0000000008004058                HAL_RCC_GetHCLKFreq
 .text.HAL_RCC_GetPCLK1Freq
                0x0000000008004070       0x2c Drivers/STM32L4xx_HAL_Driver/Src/stm32l4xx_hal_rcc.o
                0x0000000008004070                HAL_RCC_GetPCLK1Freq
 .text.HAL_RCC_GetPCLK2Freq
                0x000000000800409c       0x2c Drivers/STM32L4xx_HAL_Driver/Src/stm32l4xx_hal_rcc.o
                0x000000000800409c                HAL_RCC_GetPCLK2Freq
 .text.RCC_SetFlashLatencyFromMSIRange
                0x00000000080040c8       0xc0 Drivers/STM32L4xx_HAL_Driver/Src/stm32l4xx_hal_rcc.o
 .text.HAL_RCCEx_PeriphCLKConfig
                0x0000000008004188      0x5cc Drivers/STM32L4xx_HAL_Driver/Src/stm32l4xx_hal_rcc_ex.o
                0x0000000008004188                HAL_RCCEx_PeriphCLKConfig
 .text.RCCEx_PLLSAI1_Config
                0x0000000008004754      0x1e0 Drivers/STM32L4xx_HAL_Driver/Src/stm32l4xx_hal_rcc_ex.o
 .text.RCCEx_PLLSAI2_Config
                0x0000000008004934      0x1b4 Drivers/STM32L4xx_HAL_Driver/Src/stm32l4xx_hal_rcc_ex.o
 .text.HAL_TIM_Base_Init
                0x0000000008004ae8       0xae Drivers/STM32L4xx_HAL_Driver/Src/stm32l4xx_hal_tim.o
                0x0000000008004ae8                HAL_TIM_Base_Init
 *fill*         0x0000000008004b96        0x2 
 .text.HAL_TIM_Base_Start
                0x0000000008004b98       0xd0 Drivers/STM32L4xx_HAL_Driver/Src/stm32l4xx_hal_tim.o
                0x0000000008004b98                HAL_TIM_Base_Start
 .text.HAL_TIM_Base_Start_IT
                0x0000000008004c68       0xe0 Drivers/STM32L4xx_HAL_Driver/Src/stm32l4xx_hal_tim.o
                0x0000000008004c68                HAL_TIM_Base_Start_IT
 .text.HAL_TIM_IRQHandler
                0x0000000008004d48      0x23e Drivers/STM32L4xx_HAL_Driver/Src/stm32l4xx_hal_tim.o
                0x0000000008004d48                HAL_TIM_IRQHandler
 .text.HAL_TIM_OC_DelayElapsedCallback
                0x0000000008004f86       0x14 Drivers/STM32L4xx_HAL_Driver/Src/stm32l4xx_hal_tim.o
                0x0000000008004f86                HAL_TIM_OC_DelayElapsedCallback
 .text.HAL_TIM_IC_CaptureCallback
                0x0000000008004f9a       0x14 Drivers/STM32L4xx_HAL_Driver/Src/stm32l4xx_hal_tim.o
                0x0000000008004f9a                HAL_TIM_IC_CaptureCallback
 .text.HAL_TIM_PWM_PulseFinishedCallback
                0x0000000008004fae       0x14 Drivers/STM32L4xx_HAL_Driver/Src/stm32l4xx_hal_tim.o
                0x0000000008004fae                HAL_TIM_PWM_PulseFinishedCallback
 .text.HAL_TIM_TriggerCallback
                0x0000000008004fc2       0x14 Drivers/STM32L4xx_HAL_Driver/Src/stm32l4xx_hal_tim.o
                0x0000000008004fc2                HAL_TIM_TriggerCallback
 *fill*         0x0000000008004fd6        0x2 
 .text.TIM_Base_SetConfig
                0x0000000008004fd8      0x134 Drivers/STM32L4xx_HAL_Driver/Src/stm32l4xx_hal_tim.o
                0x0000000008004fd8                TIM_Base_SetConfig
 .text.HAL_TIMEx_MasterConfigSynchronization
                0x000000000800510c      0x110 Drivers/STM32L4xx_HAL_Driver/Src/stm32l4xx_hal_tim_ex.o
                0x000000000800510c                HAL_TIMEx_MasterConfigSynchronization
 .text.HAL_TIMEx_CommutCallback
                0x000000000800521c       0x14 Drivers/STM32L4xx_HAL_Driver/Src/stm32l4xx_hal_tim_ex.o
                0x000000000800521c                HAL_TIMEx_CommutCallback
 .text.HAL_TIMEx_BreakCallback
                0x0000000008005230       0x14 Drivers/STM32L4xx_HAL_Driver/Src/stm32l4xx_hal_tim_ex.o
                0x0000000008005230                HAL_TIMEx_BreakCallback
 .text.HAL_TIMEx_Break2Callback
                0x0000000008005244       0x14 Drivers/STM32L4xx_HAL_Driver/Src/stm32l4xx_hal_tim_ex.o
                0x0000000008005244                HAL_TIMEx_Break2Callback
 .text.HAL_UART_Init
                0x0000000008005258       0x9c Drivers/STM32L4xx_HAL_Driver/Src/stm32l4xx_hal_uart.o
                0x0000000008005258                HAL_UART_Init
 .text.UART_SetConfig
                0x00000000080052f4      0x514 Drivers/STM32L4xx_HAL_Driver/Src/stm32l4xx_hal_uart.o
                0x00000000080052f4                UART_SetConfig
 .text.UART_AdvFeatureConfig
                0x0000000008005808      0x144 Drivers/STM32L4xx_HAL_Driver/Src/stm32l4xx_hal_uart.o
                0x0000000008005808                UART_AdvFeatureConfig
 .text.UART_CheckIdleState
                0x000000000800594c       0x8a Drivers/STM32L4xx_HAL_Driver/Src/stm32l4xx_hal_uart.o
                0x000000000800594c                UART_CheckIdleState
 .text.UART_WaitOnFlagUntilTimeout
                0x00000000080059d6       0xf6 Drivers/STM32L4xx_HAL_Driver/Src/stm32l4xx_hal_uart.o
                0x00000000080059d6                UART_WaitOnFlagUntilTimeout
 .text.__libc_init_array
                0x0000000008005acc       0x48 c:/st/stm32cubeide_1.4.0/stm32cubeide/plugins/com.st.stm32cube.ide.mcu.externaltools.gnu-tools-for-stm32.7-2018-q2-update.win32_1.4.0.202007081208/tools/bin/../lib/gcc/arm-none-eabi/7.3.1/../../../../arm-none-eabi/lib/thumb/v7e-m/fpv4-sp/hard\libc_nano.a(lib_a-init.o)
                0x0000000008005acc                __libc_init_array
 .text.memset   0x0000000008005b14       0x10 c:/st/stm32cubeide_1.4.0/stm32cubeide/plugins/com.st.stm32cube.ide.mcu.externaltools.gnu-tools-for-stm32.7-2018-q2-update.win32_1.4.0.202007081208/tools/bin/../lib/gcc/arm-none-eabi/7.3.1/../../../../arm-none-eabi/lib/thumb/v7e-m/fpv4-sp/hard\libc_nano.a(lib_a-memset.o)
                0x0000000008005b14                memset
 *(.glue_7)
 .glue_7        0x0000000008005b24        0x0 linker stubs
 *(.glue_7t)
 .glue_7t       0x0000000008005b24        0x0 linker stubs
 *(.eh_frame)
 .eh_frame      0x0000000008005b24        0x0 c:/st/stm32cubeide_1.4.0/stm32cubeide/plugins/com.st.stm32cube.ide.mcu.externaltools.gnu-tools-for-stm32.7-2018-q2-update.win32_1.4.0.202007081208/tools/bin/../lib/gcc/arm-none-eabi/7.3.1/thumb/v7e-m/fpv4-sp/hard/crtbegin.o
 *(.init)
 .init          0x0000000008005b24        0x4 c:/st/stm32cubeide_1.4.0/stm32cubeide/plugins/com.st.stm32cube.ide.mcu.externaltools.gnu-tools-for-stm32.7-2018-q2-update.win32_1.4.0.202007081208/tools/bin/../lib/gcc/arm-none-eabi/7.3.1/thumb/v7e-m/fpv4-sp/hard/crti.o
                0x0000000008005b24                _init
 .init          0x0000000008005b28        0x8 c:/st/stm32cubeide_1.4.0/stm32cubeide/plugins/com.st.stm32cube.ide.mcu.externaltools.gnu-tools-for-stm32.7-2018-q2-update.win32_1.4.0.202007081208/tools/bin/../lib/gcc/arm-none-eabi/7.3.1/thumb/v7e-m/fpv4-sp/hard/crtn.o
 *(.fini)
 .fini          0x0000000008005b30        0x4 c:/st/stm32cubeide_1.4.0/stm32cubeide/plugins/com.st.stm32cube.ide.mcu.externaltools.gnu-tools-for-stm32.7-2018-q2-update.win32_1.4.0.202007081208/tools/bin/../lib/gcc/arm-none-eabi/7.3.1/thumb/v7e-m/fpv4-sp/hard/crti.o
                0x0000000008005b30                _fini
 .fini          0x0000000008005b34        0x8 c:/st/stm32cubeide_1.4.0/stm32cubeide/plugins/com.st.stm32cube.ide.mcu.externaltools.gnu-tools-for-stm32.7-2018-q2-update.win32_1.4.0.202007081208/tools/bin/../lib/gcc/arm-none-eabi/7.3.1/thumb/v7e-m/fpv4-sp/hard/crtn.o
                0x0000000008005b3c                . = ALIGN (0x4)
                0x0000000008005b3c                _etext = .

.vfp11_veneer   0x0000000008005b3c        0x0
 .vfp11_veneer  0x0000000008005b3c        0x0 linker stubs

.v4_bx          0x0000000008005b3c        0x0
 .v4_bx         0x0000000008005b3c        0x0 linker stubs

.iplt           0x0000000008005b3c        0x0
 .iplt          0x0000000008005b3c        0x0 c:/st/stm32cubeide_1.4.0/stm32cubeide/plugins/com.st.stm32cube.ide.mcu.externaltools.gnu-tools-for-stm32.7-2018-q2-update.win32_1.4.0.202007081208/tools/bin/../lib/gcc/arm-none-eabi/7.3.1/thumb/v7e-m/fpv4-sp/hard/crtbegin.o

.rodata         0x0000000008005b3c       0x48
                0x0000000008005b3c                . = ALIGN (0x4)
 *(.rodata)
 *(.rodata*)
 .rodata.AHBPrescTable
                0x0000000008005b3c       0x10 Core/Src/system_stm32l4xx.o
                0x0000000008005b3c                AHBPrescTable
 .rodata.APBPrescTable
                0x0000000008005b4c        0x8 Core/Src/system_stm32l4xx.o
                0x0000000008005b4c                APBPrescTable
 .rodata.MSIRangeTable
                0x0000000008005b54       0x30 Core/Src/system_stm32l4xx.o
                0x0000000008005b54                MSIRangeTable
                0x0000000008005b84                . = ALIGN (0x4)

.ARM.extab      0x0000000008005b84        0x0
                0x0000000008005b84                . = ALIGN (0x4)
 *(.ARM.extab* .gnu.linkonce.armextab.*)
                0x0000000008005b84                . = ALIGN (0x4)

.ARM            0x0000000008005b84        0x8
                0x0000000008005b84                . = ALIGN (0x4)
                0x0000000008005b84                __exidx_start = .
 *(.ARM.exidx*)
 .ARM.exidx     0x0000000008005b84        0x8 c:/st/stm32cubeide_1.4.0/stm32cubeide/plugins/com.st.stm32cube.ide.mcu.externaltools.gnu-tools-for-stm32.7-2018-q2-update.win32_1.4.0.202007081208/tools/bin/../lib/gcc/arm-none-eabi/7.3.1/thumb/v7e-m/fpv4-sp/hard\libgcc.a(_udivmoddi4.o)
                0x0000000008005b8c                __exidx_end = .
                0x0000000008005b8c                . = ALIGN (0x4)

.rel.dyn        0x0000000008005b8c        0x0
 .rel.iplt      0x0000000008005b8c        0x0 c:/st/stm32cubeide_1.4.0/stm32cubeide/plugins/com.st.stm32cube.ide.mcu.externaltools.gnu-tools-for-stm32.7-2018-q2-update.win32_1.4.0.202007081208/tools/bin/../lib/gcc/arm-none-eabi/7.3.1/thumb/v7e-m/fpv4-sp/hard/crtbegin.o

.preinit_array  0x0000000008005b8c        0x0
                0x0000000008005b8c                . = ALIGN (0x4)
                0x0000000008005b8c                PROVIDE (__preinit_array_start = .)
 *(.preinit_array*)
                0x0000000008005b8c                PROVIDE (__preinit_array_end = .)
                0x0000000008005b8c                . = ALIGN (0x4)

.init_array     0x0000000008005b8c        0x4
                0x0000000008005b8c                . = ALIGN (0x4)
                0x0000000008005b8c                PROVIDE (__init_array_start = .)
 *(SORT_BY_NAME(.init_array.*))
 *(.init_array*)
 .init_array    0x0000000008005b8c        0x4 c:/st/stm32cubeide_1.4.0/stm32cubeide/plugins/com.st.stm32cube.ide.mcu.externaltools.gnu-tools-for-stm32.7-2018-q2-update.win32_1.4.0.202007081208/tools/bin/../lib/gcc/arm-none-eabi/7.3.1/thumb/v7e-m/fpv4-sp/hard/crtbegin.o
                0x0000000008005b90                PROVIDE (__init_array_end = .)
                0x0000000008005b90                . = ALIGN (0x4)

.fini_array     0x0000000008005b90        0x4
                0x0000000008005b90                . = ALIGN (0x4)
                [!provide]                        PROVIDE (__fini_array_start = .)
 *(SORT_BY_NAME(.fini_array.*))
 *(.fini_array*)
 .fini_array    0x0000000008005b90        0x4 c:/st/stm32cubeide_1.4.0/stm32cubeide/plugins/com.st.stm32cube.ide.mcu.externaltools.gnu-tools-for-stm32.7-2018-q2-update.win32_1.4.0.202007081208/tools/bin/../lib/gcc/arm-none-eabi/7.3.1/thumb/v7e-m/fpv4-sp/hard/crtbegin.o
                [!provide]                        PROVIDE (__fini_array_end = .)
                0x0000000008005b94                . = ALIGN (0x4)
                0x0000000008005b94                _sidata = LOADADDR (.data)

.data           0x0000000020000000       0xd4 load address 0x0000000008005b94
                0x0000000020000000                . = ALIGN (0x4)
                0x0000000020000000                _sdata = .
 *(.data)
 *(.data*)
 .data.sin_wave
                0x0000000020000000       0xc8 Core/Src/main.o
                0x0000000020000000                sin_wave
 .data.SystemCoreClock
                0x00000000200000c8        0x4 Core/Src/system_stm32l4xx.o
                0x00000000200000c8                SystemCoreClock
 .data.uwTickPrio
                0x00000000200000cc        0x4 Drivers/STM32L4xx_HAL_Driver/Src/stm32l4xx_hal.o
                0x00000000200000cc                uwTickPrio
 .data.uwTickFreq
                0x00000000200000d0        0x1 Drivers/STM32L4xx_HAL_Driver/Src/stm32l4xx_hal.o
                0x00000000200000d0                uwTickFreq
                0x00000000200000d4                . = ALIGN (0x4)
 *fill*         0x00000000200000d1        0x3 
                0x00000000200000d4                _edata = .

.igot.plt       0x00000000200000d4        0x0 load address 0x0000000008005c68
 .igot.plt      0x00000000200000d4        0x0 c:/st/stm32cubeide_1.4.0/stm32cubeide/plugins/com.st.stm32cube.ide.mcu.externaltools.gnu-tools-for-stm32.7-2018-q2-update.win32_1.4.0.202007081208/tools/bin/../lib/gcc/arm-none-eabi/7.3.1/thumb/v7e-m/fpv4-sp/hard/crtbegin.o
                0x00000000200000d4                . = ALIGN (0x4)

.bss            0x00000000200000d4      0x224 load address 0x0000000008005c68
                0x00000000200000d4                _sbss = .
                0x00000000200000d4                __bss_start__ = _sbss
 *(.bss)
 .bss           0x00000000200000d4       0x1c c:/st/stm32cubeide_1.4.0/stm32cubeide/plugins/com.st.stm32cube.ide.mcu.externaltools.gnu-tools-for-stm32.7-2018-q2-update.win32_1.4.0.202007081208/tools/bin/../lib/gcc/arm-none-eabi/7.3.1/thumb/v7e-m/fpv4-sp/hard/crtbegin.o
 *(.bss*)
 *(COMMON)
 COMMON         0x00000000200000f0       0x64 Core/Src/adc.o
                0x00000000200000f0                hadc1
 COMMON         0x0000000020000154       0x14 Core/Src/dac.o
                0x0000000020000154                hdac1
 COMMON         0x0000000020000168       0x74 Core/Src/main.o
                0x0000000020000168                pid
                0x00000000200001c0                dac_control
                0x00000000200001c4                dac_index
                0x00000000200001c8                adc_flag
                0x00000000200001cc                adc_value
                0x00000000200001d0                step_desired
                0x00000000200001d4                dac_nperiod
                0x00000000200001d8                dac_value
 COMMON         0x00000000200001dc       0x98 Core/Src/tim.o
                0x00000000200001dc                htim6
                0x0000000020000228                htim7
 COMMON         0x0000000020000274       0x80 Core/Src/usart.o
                0x0000000020000274                huart2
 COMMON         0x00000000200002f4        0x4 Drivers/STM32L4xx_HAL_Driver/Src/stm32l4xx_hal.o
                0x00000000200002f4                uwTick
                0x00000000200002f8                . = ALIGN (0x4)
                0x00000000200002f8                _ebss = .
                0x00000000200002f8                __bss_end__ = _ebss

._user_heap_stack
                0x00000000200002f8      0x600 load address 0x0000000008005c68
                0x00000000200002f8                . = ALIGN (0x8)
                [!provide]                        PROVIDE (end = .)
                0x00000000200002f8                PROVIDE (_end = .)
                0x00000000200004f8                . = (. + _Min_Heap_Size)
 *fill*         0x00000000200002f8      0x200 
                0x00000000200008f8                . = (. + _Min_Stack_Size)
 *fill*         0x00000000200004f8      0x400 
                0x00000000200008f8                . = ALIGN (0x8)

/DISCARD/
 libc.a(*)
 libm.a(*)
 libgcc.a(*)

.ARM.attributes
                0x0000000000000000       0x30
 *(.ARM.attributes)
 .ARM.attributes
                0x0000000000000000       0x22 c:/st/stm32cubeide_1.4.0/stm32cubeide/plugins/com.st.stm32cube.ide.mcu.externaltools.gnu-tools-for-stm32.7-2018-q2-update.win32_1.4.0.202007081208/tools/bin/../lib/gcc/arm-none-eabi/7.3.1/thumb/v7e-m/fpv4-sp/hard/crti.o
 .ARM.attributes
                0x0000000000000022       0x34 c:/st/stm32cubeide_1.4.0/stm32cubeide/plugins/com.st.stm32cube.ide.mcu.externaltools.gnu-tools-for-stm32.7-2018-q2-update.win32_1.4.0.202007081208/tools/bin/../lib/gcc/arm-none-eabi/7.3.1/thumb/v7e-m/fpv4-sp/hard/crtbegin.o
 .ARM.attributes
                0x0000000000000056       0x39 Core/Src/adc.o
 .ARM.attributes
                0x000000000000008f       0x39 Core/Src/dac.o
 .ARM.attributes
                0x00000000000000c8       0x39 Core/Src/gpio.o
 .ARM.attributes
                0x0000000000000101       0x39 Core/Src/main.o
 .ARM.attributes
                0x000000000000013a       0x39 Core/Src/pid.o
 .ARM.attributes
                0x0000000000000173       0x39 Core/Src/stm32l4xx_hal_msp.o
 .ARM.attributes
                0x00000000000001ac       0x39 Core/Src/stm32l4xx_it.o
 .ARM.attributes
                0x00000000000001e5       0x39 Core/Src/system_stm32l4xx.o
 .ARM.attributes
                0x000000000000021e       0x39 Core/Src/tim.o
 .ARM.attributes
                0x0000000000000257       0x39 Core/Src/usart.o
 .ARM.attributes
                0x0000000000000290       0x21 Core/Startup/startup_stm32l476rgtx.o
 .ARM.attributes
                0x00000000000002b1       0x39 Drivers/STM32L4xx_HAL_Driver/Src/stm32l4xx_hal.o
 .ARM.attributes
                0x00000000000002ea       0x39 Drivers/STM32L4xx_HAL_Driver/Src/stm32l4xx_hal_adc.o
 .ARM.attributes
                0x0000000000000323       0x39 Drivers/STM32L4xx_HAL_Driver/Src/stm32l4xx_hal_adc_ex.o
 .ARM.attributes
                0x000000000000035c       0x39 Drivers/STM32L4xx_HAL_Driver/Src/stm32l4xx_hal_cortex.o
 .ARM.attributes
                0x0000000000000395       0x39 Drivers/STM32L4xx_HAL_Driver/Src/stm32l4xx_hal_dac.o
 .ARM.attributes
                0x00000000000003ce       0x39 Drivers/STM32L4xx_HAL_Driver/Src/stm32l4xx_hal_dac_ex.o
 .ARM.attributes
                0x0000000000000407       0x39 Drivers/STM32L4xx_HAL_Driver/Src/stm32l4xx_hal_gpio.o
 .ARM.attributes
                0x0000000000000440       0x39 Drivers/STM32L4xx_HAL_Driver/Src/stm32l4xx_hal_pwr_ex.o
 .ARM.attributes
                0x0000000000000479       0x39 Drivers/STM32L4xx_HAL_Driver/Src/stm32l4xx_hal_rcc.o
 .ARM.attributes
                0x00000000000004b2       0x39 Drivers/STM32L4xx_HAL_Driver/Src/stm32l4xx_hal_rcc_ex.o
 .ARM.attributes
                0x00000000000004eb       0x39 Drivers/STM32L4xx_HAL_Driver/Src/stm32l4xx_hal_tim.o
 .ARM.attributes
                0x0000000000000524       0x39 Drivers/STM32L4xx_HAL_Driver/Src/stm32l4xx_hal_tim_ex.o
 .ARM.attributes
                0x000000000000055d       0x39 Drivers/STM32L4xx_HAL_Driver/Src/stm32l4xx_hal_uart.o
 .ARM.attributes
                0x0000000000000596       0x34 c:/st/stm32cubeide_1.4.0/stm32cubeide/plugins/com.st.stm32cube.ide.mcu.externaltools.gnu-tools-for-stm32.7-2018-q2-update.win32_1.4.0.202007081208/tools/bin/../lib/gcc/arm-none-eabi/7.3.1/../../../../arm-none-eabi/lib/thumb/v7e-m/fpv4-sp/hard\libc_nano.a(lib_a-init.o)
 .ARM.attributes
                0x00000000000005ca       0x34 c:/st/stm32cubeide_1.4.0/stm32cubeide/plugins/com.st.stm32cube.ide.mcu.externaltools.gnu-tools-for-stm32.7-2018-q2-update.win32_1.4.0.202007081208/tools/bin/../lib/gcc/arm-none-eabi/7.3.1/../../../../arm-none-eabi/lib/thumb/v7e-m/fpv4-sp/hard\libc_nano.a(lib_a-memset.o)
 .ARM.attributes
                0x00000000000005fe       0x22 c:/st/stm32cubeide_1.4.0/stm32cubeide/plugins/com.st.stm32cube.ide.mcu.externaltools.gnu-tools-for-stm32.7-2018-q2-update.win32_1.4.0.202007081208/tools/bin/../lib/gcc/arm-none-eabi/7.3.1/thumb/v7e-m/fpv4-sp/hard\libgcc.a(_aeabi_uldivmod.o)
 .ARM.attributes
                0x0000000000000620       0x34 c:/st/stm32cubeide_1.4.0/stm32cubeide/plugins/com.st.stm32cube.ide.mcu.externaltools.gnu-tools-for-stm32.7-2018-q2-update.win32_1.4.0.202007081208/tools/bin/../lib/gcc/arm-none-eabi/7.3.1/thumb/v7e-m/fpv4-sp/hard\libgcc.a(_udivmoddi4.o)
 .ARM.attributes
                0x0000000000000654       0x22 c:/st/stm32cubeide_1.4.0/stm32cubeide/plugins/com.st.stm32cube.ide.mcu.externaltools.gnu-tools-for-stm32.7-2018-q2-update.win32_1.4.0.202007081208/tools/bin/../lib/gcc/arm-none-eabi/7.3.1/thumb/v7e-m/fpv4-sp/hard\libgcc.a(_dvmd_tls.o)
 .ARM.attributes
                0x0000000000000676       0x22 c:/st/stm32cubeide_1.4.0/stm32cubeide/plugins/com.st.stm32cube.ide.mcu.externaltools.gnu-tools-for-stm32.7-2018-q2-update.win32_1.4.0.202007081208/tools/bin/../lib/gcc/arm-none-eabi/7.3.1/thumb/v7e-m/fpv4-sp/hard/crtn.o
OUTPUT(PID_2.elf elf32-littlearm)

.debug_info     0x0000000000000000    0x17133
 .debug_info    0x0000000000000000      0xf46 Core/Src/adc.o
 .debug_info    0x0000000000000f46      0xd38 Core/Src/dac.o
 .debug_info    0x0000000000001c7e      0x679 Core/Src/gpio.o
 .debug_info    0x00000000000022f7     0x1eda Core/Src/main.o
 .debug_info    0x00000000000041d1      0x2ef Core/Src/pid.o
 .debug_info    0x00000000000044c0      0x4f9 Core/Src/stm32l4xx_hal_msp.o
 .debug_info    0x00000000000049b9      0xe8c Core/Src/stm32l4xx_it.o
 .debug_info    0x0000000000005845      0x727 Core/Src/system_stm32l4xx.o
 .debug_info    0x0000000000005f6c      0xd9d Core/Src/tim.o
 .debug_info    0x0000000000006d09      0xbab Core/Src/usart.o
 .debug_info    0x00000000000078b4       0x22 Core/Startup/startup_stm32l476rgtx.o
 .debug_info    0x00000000000078d6      0xd2e Drivers/STM32L4xx_HAL_Driver/Src/stm32l4xx_hal.o
 .debug_info    0x0000000000008604     0x1e9b Drivers/STM32L4xx_HAL_Driver/Src/stm32l4xx_hal_adc.o
 .debug_info    0x000000000000a49f     0x1c15 Drivers/STM32L4xx_HAL_Driver/Src/stm32l4xx_hal_adc_ex.o
 .debug_info    0x000000000000c0b4      0xf6d Drivers/STM32L4xx_HAL_Driver/Src/stm32l4xx_hal_cortex.o
 .debug_info    0x000000000000d021      0xbd0 Drivers/STM32L4xx_HAL_Driver/Src/stm32l4xx_hal_dac.o
 .debug_info    0x000000000000dbf1      0xacc Drivers/STM32L4xx_HAL_Driver/Src/stm32l4xx_hal_dac_ex.o
 .debug_info    0x000000000000e6bd      0x9c2 Drivers/STM32L4xx_HAL_Driver/Src/stm32l4xx_hal_gpio.o
 .debug_info    0x000000000000f07f      0xb35 Drivers/STM32L4xx_HAL_Driver/Src/stm32l4xx_hal_pwr_ex.o
 .debug_info    0x000000000000fbb4      0xd2f Drivers/STM32L4xx_HAL_Driver/Src/stm32l4xx_hal_rcc.o
 .debug_info    0x00000000000108e3      0xf41 Drivers/STM32L4xx_HAL_Driver/Src/stm32l4xx_hal_rcc_ex.o
 .debug_info    0x0000000000011824     0x2a61 Drivers/STM32L4xx_HAL_Driver/Src/stm32l4xx_hal_tim.o
 .debug_info    0x0000000000014285     0x167e Drivers/STM32L4xx_HAL_Driver/Src/stm32l4xx_hal_tim_ex.o
 .debug_info    0x0000000000015903     0x1830 Drivers/STM32L4xx_HAL_Driver/Src/stm32l4xx_hal_uart.o

.debug_abbrev   0x0000000000000000     0x2b01
 .debug_abbrev  0x0000000000000000      0x1a2 Core/Src/adc.o
 .debug_abbrev  0x00000000000001a2      0x1a2 Core/Src/dac.o
 .debug_abbrev  0x0000000000000344      0x134 Core/Src/gpio.o
 .debug_abbrev  0x0000000000000478      0x241 Core/Src/main.o
 .debug_abbrev  0x00000000000006b9       0xde Core/Src/pid.o
 .debug_abbrev  0x0000000000000797      0x125 Core/Src/stm32l4xx_hal_msp.o
 .debug_abbrev  0x00000000000008bc      0x169 Core/Src/stm32l4xx_it.o
 .debug_abbrev  0x0000000000000a25      0x150 Core/Src/system_stm32l4xx.o
 .debug_abbrev  0x0000000000000b75      0x1a4 Core/Src/tim.o
 .debug_abbrev  0x0000000000000d19      0x199 Core/Src/usart.o
 .debug_abbrev  0x0000000000000eb2       0x12 Core/Startup/startup_stm32l476rgtx.o
 .debug_abbrev  0x0000000000000ec4      0x1fb Drivers/STM32L4xx_HAL_Driver/Src/stm32l4xx_hal.o
 .debug_abbrev  0x00000000000010bf      0x25d Drivers/STM32L4xx_HAL_Driver/Src/stm32l4xx_hal_adc.o
 .debug_abbrev  0x000000000000131c      0x27d Drivers/STM32L4xx_HAL_Driver/Src/stm32l4xx_hal_adc_ex.o
 .debug_abbrev  0x0000000000001599      0x2fa Drivers/STM32L4xx_HAL_Driver/Src/stm32l4xx_hal_cortex.o
 .debug_abbrev  0x0000000000001893      0x1cc Drivers/STM32L4xx_HAL_Driver/Src/stm32l4xx_hal_dac.o
 .debug_abbrev  0x0000000000001a5f      0x22f Drivers/STM32L4xx_HAL_Driver/Src/stm32l4xx_hal_dac_ex.o
 .debug_abbrev  0x0000000000001c8e      0x1c0 Drivers/STM32L4xx_HAL_Driver/Src/stm32l4xx_hal_gpio.o
 .debug_abbrev  0x0000000000001e4e      0x1cb Drivers/STM32L4xx_HAL_Driver/Src/stm32l4xx_hal_pwr_ex.o
 .debug_abbrev  0x0000000000002019      0x245 Drivers/STM32L4xx_HAL_Driver/Src/stm32l4xx_hal_rcc.o
 .debug_abbrev  0x000000000000225e      0x238 Drivers/STM32L4xx_HAL_Driver/Src/stm32l4xx_hal_rcc_ex.o
 .debug_abbrev  0x0000000000002496      0x230 Drivers/STM32L4xx_HAL_Driver/Src/stm32l4xx_hal_tim.o
 .debug_abbrev  0x00000000000026c6      0x236 Drivers/STM32L4xx_HAL_Driver/Src/stm32l4xx_hal_tim_ex.o
 .debug_abbrev  0x00000000000028fc      0x205 Drivers/STM32L4xx_HAL_Driver/Src/stm32l4xx_hal_uart.o

.debug_aranges  0x0000000000000000     0x13f8
 .debug_aranges
                0x0000000000000000       0x30 Core/Src/adc.o
 .debug_aranges
                0x0000000000000030       0x30 Core/Src/dac.o
 .debug_aranges
                0x0000000000000060       0x20 Core/Src/gpio.o
 .debug_aranges
                0x0000000000000080       0x40 Core/Src/main.o
 .debug_aranges
                0x00000000000000c0       0x30 Core/Src/pid.o
 .debug_aranges
                0x00000000000000f0       0x20 Core/Src/stm32l4xx_hal_msp.o
 .debug_aranges
                0x0000000000000110       0x78 Core/Src/stm32l4xx_it.o
 .debug_aranges
                0x0000000000000188       0x28 Core/Src/system_stm32l4xx.o
 .debug_aranges
                0x00000000000001b0       0x38 Core/Src/tim.o
 .debug_aranges
                0x00000000000001e8       0x30 Core/Src/usart.o
 .debug_aranges
                0x0000000000000218       0x28 Core/Startup/startup_stm32l476rgtx.o
 .debug_aranges
                0x0000000000000240      0x130 Drivers/STM32L4xx_HAL_Driver/Src/stm32l4xx_hal.o
 .debug_aranges
                0x0000000000000370      0x220 Drivers/STM32L4xx_HAL_Driver/Src/stm32l4xx_hal_adc.o
 .debug_aranges
                0x0000000000000590      0x1a8 Drivers/STM32L4xx_HAL_Driver/Src/stm32l4xx_hal_adc_ex.o
 .debug_aranges
                0x0000000000000738      0x118 Drivers/STM32L4xx_HAL_Driver/Src/stm32l4xx_hal_cortex.o
 .debug_aranges
                0x0000000000000850       0xc0 Drivers/STM32L4xx_HAL_Driver/Src/stm32l4xx_hal_dac.o
 .debug_aranges
                0x0000000000000910       0x88 Drivers/STM32L4xx_HAL_Driver/Src/stm32l4xx_hal_dac_ex.o
 .debug_aranges
                0x0000000000000998       0x58 Drivers/STM32L4xx_HAL_Driver/Src/stm32l4xx_hal_gpio.o
 .debug_aranges
                0x00000000000009f0      0x150 Drivers/STM32L4xx_HAL_Driver/Src/stm32l4xx_hal_pwr_ex.o
 .debug_aranges
                0x0000000000000b40       0x88 Drivers/STM32L4xx_HAL_Driver/Src/stm32l4xx_hal_rcc.o
 .debug_aranges
                0x0000000000000bc8       0xc0 Drivers/STM32L4xx_HAL_Driver/Src/stm32l4xx_hal_rcc_ex.o
 .debug_aranges
                0x0000000000000c88      0x3e0 Drivers/STM32L4xx_HAL_Driver/Src/stm32l4xx_hal_tim.o
 .debug_aranges
                0x0000000000001068      0x180 Drivers/STM32L4xx_HAL_Driver/Src/stm32l4xx_hal_tim_ex.o
 .debug_aranges
                0x00000000000011e8      0x210 Drivers/STM32L4xx_HAL_Driver/Src/stm32l4xx_hal_uart.o

.debug_ranges   0x0000000000000000     0x1280
 .debug_ranges  0x0000000000000000       0x20 Core/Src/adc.o
 .debug_ranges  0x0000000000000020       0x20 Core/Src/dac.o
 .debug_ranges  0x0000000000000040       0x10 Core/Src/gpio.o
 .debug_ranges  0x0000000000000050       0x30 Core/Src/main.o
 .debug_ranges  0x0000000000000080       0x20 Core/Src/pid.o
 .debug_ranges  0x00000000000000a0       0x10 Core/Src/stm32l4xx_hal_msp.o
 .debug_ranges  0x00000000000000b0       0x68 Core/Src/stm32l4xx_it.o
 .debug_ranges  0x0000000000000118       0x18 Core/Src/system_stm32l4xx.o
 .debug_ranges  0x0000000000000130       0x28 Core/Src/tim.o
 .debug_ranges  0x0000000000000158       0x20 Core/Src/usart.o
 .debug_ranges  0x0000000000000178       0x20 Core/Startup/startup_stm32l476rgtx.o
 .debug_ranges  0x0000000000000198      0x120 Drivers/STM32L4xx_HAL_Driver/Src/stm32l4xx_hal.o
 .debug_ranges  0x00000000000002b8      0x210 Drivers/STM32L4xx_HAL_Driver/Src/stm32l4xx_hal_adc.o
 .debug_ranges  0x00000000000004c8      0x198 Drivers/STM32L4xx_HAL_Driver/Src/stm32l4xx_hal_adc_ex.o
 .debug_ranges  0x0000000000000660      0x108 Drivers/STM32L4xx_HAL_Driver/Src/stm32l4xx_hal_cortex.o
 .debug_ranges  0x0000000000000768       0xb0 Drivers/STM32L4xx_HAL_Driver/Src/stm32l4xx_hal_dac.o
 .debug_ranges  0x0000000000000818       0x78 Drivers/STM32L4xx_HAL_Driver/Src/stm32l4xx_hal_dac_ex.o
 .debug_ranges  0x0000000000000890       0x48 Drivers/STM32L4xx_HAL_Driver/Src/stm32l4xx_hal_gpio.o
 .debug_ranges  0x00000000000008d8      0x140 Drivers/STM32L4xx_HAL_Driver/Src/stm32l4xx_hal_pwr_ex.o
 .debug_ranges  0x0000000000000a18       0x78 Drivers/STM32L4xx_HAL_Driver/Src/stm32l4xx_hal_rcc.o
 .debug_ranges  0x0000000000000a90       0xb0 Drivers/STM32L4xx_HAL_Driver/Src/stm32l4xx_hal_rcc_ex.o
 .debug_ranges  0x0000000000000b40      0x3d0 Drivers/STM32L4xx_HAL_Driver/Src/stm32l4xx_hal_tim.o
 .debug_ranges  0x0000000000000f10      0x170 Drivers/STM32L4xx_HAL_Driver/Src/stm32l4xx_hal_tim_ex.o
 .debug_ranges  0x0000000000001080      0x200 Drivers/STM32L4xx_HAL_Driver/Src/stm32l4xx_hal_uart.o

.debug_macro    0x0000000000000000    0x29d0c
 .debug_macro   0x0000000000000000      0x229 Core/Src/adc.o
 .debug_macro   0x0000000000000229      0xa5a Core/Src/adc.o
 .debug_macro   0x0000000000000c83      0x1b9 Core/Src/adc.o
 .debug_macro   0x0000000000000e3c       0x2e Core/Src/adc.o
 .debug_macro   0x0000000000000e6a       0x28 Core/Src/adc.o
 .debug_macro   0x0000000000000e92       0x22 Core/Src/adc.o
 .debug_macro   0x0000000000000eb4       0x8e Core/Src/adc.o
 .debug_macro   0x0000000000000f42       0x51 Core/Src/adc.o
 .debug_macro   0x0000000000000f93       0xef Core/Src/adc.o
 .debug_macro   0x0000000000001082       0x6a Core/Src/adc.o
 .debug_macro   0x00000000000010ec      0x1df Core/Src/adc.o
 .debug_macro   0x00000000000012cb       0x1c Core/Src/adc.o
 .debug_macro   0x00000000000012e7       0x22 Core/Src/adc.o
 .debug_macro   0x0000000000001309      0x101 Core/Src/adc.o
 .debug_macro   0x000000000000140a     0x1011 Core/Src/adc.o
 .debug_macro   0x000000000000241b      0x11f Core/Src/adc.o
 .debug_macro   0x000000000000253a    0x1a13d Core/Src/adc.o
 .debug_macro   0x000000000001c677       0x43 Core/Src/adc.o
 .debug_macro   0x000000000001c6ba     0x3890 Core/Src/adc.o
 .debug_macro   0x000000000001ff4a      0x174 Core/Src/adc.o
 .debug_macro   0x00000000000200be       0x5c Core/Src/adc.o
 .debug_macro   0x000000000002011a     0x155f Core/Src/adc.o
 .debug_macro   0x0000000000021679      0x59e Core/Src/adc.o
 .debug_macro   0x0000000000021c17      0x13d Core/Src/adc.o
 .debug_macro   0x0000000000021d54      0x18b Core/Src/adc.o
 .debug_macro   0x0000000000021edf      0x26b Core/Src/adc.o
 .debug_macro   0x000000000002214a      0x23d Core/Src/adc.o
 .debug_macro   0x0000000000022387      0xf83 Core/Src/adc.o
 .debug_macro   0x000000000002330a      0x632 Core/Src/adc.o
 .debug_macro   0x000000000002393c      0x30c Core/Src/adc.o
 .debug_macro   0x0000000000023c48      0x153 Core/Src/adc.o
 .debug_macro   0x0000000000023d9b       0xd8 Core/Src/adc.o
 .debug_macro   0x0000000000023e73      0x241 Core/Src/adc.o
 .debug_macro   0x00000000000240b4      0x37c Core/Src/adc.o
 .debug_macro   0x0000000000024430       0xd6 Core/Src/adc.o
 .debug_macro   0x0000000000024506      0x22c Core/Src/adc.o
 .debug_macro   0x0000000000024732       0x61 Core/Src/adc.o
 .debug_macro   0x0000000000024793       0xa5 Core/Src/adc.o
 .debug_macro   0x0000000000024838      0x122 Core/Src/adc.o
 .debug_macro   0x000000000002495a      0x3e9 Core/Src/adc.o
 .debug_macro   0x0000000000024d43      0xa75 Core/Src/adc.o
 .debug_macro   0x00000000000257b8      0x1e7 Core/Src/adc.o
 .debug_macro   0x000000000002599f      0x59e Core/Src/adc.o
 .debug_macro   0x0000000000025f3d       0x44 Core/Src/adc.o
 .debug_macro   0x0000000000025f81      0x331 Core/Src/adc.o
 .debug_macro   0x00000000000262b2       0x70 Core/Src/adc.o
 .debug_macro   0x0000000000026322      0x229 Core/Src/dac.o
 .debug_macro   0x000000000002654b      0x229 Core/Src/gpio.o
 .debug_macro   0x0000000000026774      0x3bb Core/Src/main.o
 .debug_macro   0x0000000000026b2f       0x46 Core/Src/main.o
 .debug_macro   0x0000000000026b75       0x18 Core/Src/main.o
 .debug_macro   0x0000000000026b8d       0x3c Core/Src/main.o
 .debug_macro   0x0000000000026bc9       0x34 Core/Src/main.o
 .debug_macro   0x0000000000026bfd       0x16 Core/Src/main.o
 .debug_macro   0x0000000000026c13       0x35 Core/Src/main.o
 .debug_macro   0x0000000000026c48      0x32a Core/Src/main.o
 .debug_macro   0x0000000000026f72       0x10 Core/Src/main.o
 .debug_macro   0x0000000000026f82       0x52 Core/Src/main.o
 .debug_macro   0x0000000000026fd4       0x1f Core/Src/main.o
 .debug_macro   0x0000000000026ff3       0x43 Core/Src/main.o
 .debug_macro   0x0000000000027036       0x20 Core/Src/main.o
 .debug_macro   0x0000000000027056      0x1a3 Core/Src/main.o
 .debug_macro   0x00000000000271f9       0x10 Core/Src/main.o
 .debug_macro   0x0000000000027209       0x1c Core/Src/main.o
 .debug_macro   0x0000000000027225       0x52 Core/Src/main.o
 .debug_macro   0x0000000000027277       0x40 Core/Src/main.o
 .debug_macro   0x00000000000272b7       0x10 Core/Src/main.o
 .debug_macro   0x00000000000272c7       0x40 Core/Src/main.o
 .debug_macro   0x0000000000027307       0xd7 Core/Src/main.o
 .debug_macro   0x00000000000273de       0x1c Core/Src/main.o
 .debug_macro   0x00000000000273fa       0x3d Core/Src/main.o
 .debug_macro   0x0000000000027437       0x16 Core/Src/main.o
 .debug_macro   0x000000000002744d      0x145 Core/Src/main.o
 .debug_macro   0x0000000000027592       0x6d Core/Src/pid.o
 .debug_macro   0x00000000000275ff      0x21f Core/Src/stm32l4xx_hal_msp.o
 .debug_macro   0x000000000002781e      0x229 Core/Src/stm32l4xx_it.o
 .debug_macro   0x0000000000027a47      0x216 Core/Src/system_stm32l4xx.o
 .debug_macro   0x0000000000027c5d      0x229 Core/Src/tim.o
 .debug_macro   0x0000000000027e86      0x229 Core/Src/usart.o
 .debug_macro   0x00000000000280af      0x25e Drivers/STM32L4xx_HAL_Driver/Src/stm32l4xx_hal.o
 .debug_macro   0x000000000002830d      0x22d Drivers/STM32L4xx_HAL_Driver/Src/stm32l4xx_hal_adc.o
 .debug_macro   0x000000000002853a      0x21c Drivers/STM32L4xx_HAL_Driver/Src/stm32l4xx_hal_adc_ex.o
 .debug_macro   0x0000000000028756      0x210 Drivers/STM32L4xx_HAL_Driver/Src/stm32l4xx_hal_cortex.o
 .debug_macro   0x0000000000028966      0x21f Drivers/STM32L4xx_HAL_Driver/Src/stm32l4xx_hal_dac.o
 .debug_macro   0x0000000000028b85      0x210 Drivers/STM32L4xx_HAL_Driver/Src/stm32l4xx_hal_dac_ex.o
 .debug_macro   0x0000000000028d95      0x24f Drivers/STM32L4xx_HAL_Driver/Src/stm32l4xx_hal_gpio.o
 .debug_macro   0x0000000000028fe4      0x234 Drivers/STM32L4xx_HAL_Driver/Src/stm32l4xx_hal_pwr_ex.o
 .debug_macro   0x0000000000029218      0x252 Drivers/STM32L4xx_HAL_Driver/Src/stm32l4xx_hal_rcc.o
 .debug_macro   0x000000000002946a      0x246 Drivers/STM32L4xx_HAL_Driver/Src/stm32l4xx_hal_rcc_ex.o
 .debug_macro   0x00000000000296b0      0x211 Drivers/STM32L4xx_HAL_Driver/Src/stm32l4xx_hal_tim.o
 .debug_macro   0x00000000000298c1      0x210 Drivers/STM32L4xx_HAL_Driver/Src/stm32l4xx_hal_tim_ex.o
 .debug_macro   0x0000000000029ad1      0x23b Drivers/STM32L4xx_HAL_Driver/Src/stm32l4xx_hal_uart.o

.debug_line     0x0000000000000000    0x11831
 .debug_line    0x0000000000000000      0x7b1 Core/Src/adc.o
 .debug_line    0x00000000000007b1      0x79e Core/Src/dac.o
 .debug_line    0x0000000000000f4f      0x774 Core/Src/gpio.o
 .debug_line    0x00000000000016c3      0x9f9 Core/Src/main.o
 .debug_line    0x00000000000020bc      0x3fc Core/Src/pid.o
 .debug_line    0x00000000000024b8      0x76b Core/Src/stm32l4xx_hal_msp.o
 .debug_line    0x0000000000002c23      0x846 Core/Src/stm32l4xx_it.o
 .debug_line    0x0000000000003469      0x796 Core/Src/system_stm32l4xx.o
 .debug_line    0x0000000000003bff      0x7c4 Core/Src/tim.o
 .debug_line    0x00000000000043c3      0x7a1 Core/Src/usart.o
 .debug_line    0x0000000000004b64       0x87 Core/Startup/startup_stm32l476rgtx.o
 .debug_line    0x0000000000004beb      0xa0d Drivers/STM32L4xx_HAL_Driver/Src/stm32l4xx_hal.o
 .debug_line    0x00000000000055f8     0x1544 Drivers/STM32L4xx_HAL_Driver/Src/stm32l4xx_hal_adc.o
 .debug_line    0x0000000000006b3c     0x123d Drivers/STM32L4xx_HAL_Driver/Src/stm32l4xx_hal_adc_ex.o
 .debug_line    0x0000000000007d79      0xa94 Drivers/STM32L4xx_HAL_Driver/Src/stm32l4xx_hal_cortex.o
 .debug_line    0x000000000000880d      0x9cb Drivers/STM32L4xx_HAL_Driver/Src/stm32l4xx_hal_dac.o
 .debug_line    0x00000000000091d8      0x933 Drivers/STM32L4xx_HAL_Driver/Src/stm32l4xx_hal_dac_ex.o
 .debug_line    0x0000000000009b0b      0x927 Drivers/STM32L4xx_HAL_Driver/Src/stm32l4xx_hal_gpio.o
 .debug_line    0x000000000000a432      0xb20 Drivers/STM32L4xx_HAL_Driver/Src/stm32l4xx_hal_pwr_ex.o
 .debug_line    0x000000000000af52      0xa83 Drivers/STM32L4xx_HAL_Driver/Src/stm32l4xx_hal_rcc.o
 .debug_line    0x000000000000b9d5      0xd19 Drivers/STM32L4xx_HAL_Driver/Src/stm32l4xx_hal_rcc_ex.o
 .debug_line    0x000000000000c6ee     0x282c Drivers/STM32L4xx_HAL_Driver/Src/stm32l4xx_hal_tim.o
 .debug_line    0x000000000000ef1a     0x15fc Drivers/STM32L4xx_HAL_Driver/Src/stm32l4xx_hal_tim_ex.o
 .debug_line    0x0000000000010516     0x131b Drivers/STM32L4xx_HAL_Driver/Src/stm32l4xx_hal_uart.o

.debug_str      0x0000000000000000   0x108c0d
 .debug_str     0x0000000000000000    0xff391 Core/Src/adc.o
                                      0xff9f0 (size before relaxing)
 .debug_str     0x00000000000ff391      0x25d Core/Src/dac.o
                                      0xff8f6 (size before relaxing)
 .debug_str     0x00000000000ff5ee       0x46 Core/Src/gpio.o
                                      0xff02d (size before relaxing)
 .debug_str     0x00000000000ff634     0x49dc Core/Src/main.o
                                     0x103f12 (size before relaxing)
 .debug_str     0x0000000000104010       0x3a Core/Src/pid.o
                                       0x3cd2 (size before relaxing)
 .debug_str     0x000000000010404a       0x2c Core/Src/stm32l4xx_hal_msp.o
                                      0xfef8d (size before relaxing)
 .debug_str     0x0000000000104076       0xcd Core/Src/stm32l4xx_it.o
                                      0xff7ba (size before relaxing)
 .debug_str     0x0000000000104143       0xcd Core/Src/system_stm32l4xx.o
                                      0xfeea1 (size before relaxing)
 .debug_str     0x0000000000104210       0xc6 Core/Src/tim.o
                                      0xffa0a (size before relaxing)
 .debug_str     0x00000000001042d6       0x57 Core/Src/usart.o
                                      0xff3f5 (size before relaxing)
 .debug_str     0x000000000010432d       0x36 Core/Startup/startup_stm32l476rgtx.o
                                         0x80 (size before relaxing)
 .debug_str     0x0000000000104363      0x613 Drivers/STM32L4xx_HAL_Driver/Src/stm32l4xx_hal.o
                                      0xff9f1 (size before relaxing)
 .debug_str     0x0000000000104976      0x9c5 Drivers/STM32L4xx_HAL_Driver/Src/stm32l4xx_hal_adc.o
                                      0xffbf4 (size before relaxing)
 .debug_str     0x000000000010533b      0x705 Drivers/STM32L4xx_HAL_Driver/Src/stm32l4xx_hal_adc_ex.o
                                      0xffbd7 (size before relaxing)
 .debug_str     0x0000000000105a40      0x389 Drivers/STM32L4xx_HAL_Driver/Src/stm32l4xx_hal_cortex.o
                                      0xff6f5 (size before relaxing)
 .debug_str     0x0000000000105dc9      0x204 Drivers/STM32L4xx_HAL_Driver/Src/stm32l4xx_hal_dac.o
                                      0xff2d7 (size before relaxing)
 .debug_str     0x0000000000105fcd      0x1e8 Drivers/STM32L4xx_HAL_Driver/Src/stm32l4xx_hal_dac_ex.o
                                      0xff28c (size before relaxing)
 .debug_str     0x00000000001061b5      0x236 Drivers/STM32L4xx_HAL_Driver/Src/stm32l4xx_hal_gpio.o
                                      0xff120 (size before relaxing)
 .debug_str     0x00000000001063eb      0x4a4 Drivers/STM32L4xx_HAL_Driver/Src/stm32l4xx_hal_pwr_ex.o
                                      0xff3bc (size before relaxing)
 .debug_str     0x000000000010688f      0x34e Drivers/STM32L4xx_HAL_Driver/Src/stm32l4xx_hal_rcc.o
                                      0xff463 (size before relaxing)
 .debug_str     0x0000000000106bdd      0x3a6 Drivers/STM32L4xx_HAL_Driver/Src/stm32l4xx_hal_rcc_ex.o
                                      0xff5f4 (size before relaxing)
 .debug_str     0x0000000000106f83      0xe28 Drivers/STM32L4xx_HAL_Driver/Src/stm32l4xx_hal_tim.o
                                     0x100129 (size before relaxing)
 .debug_str     0x0000000000107dab      0x61c Drivers/STM32L4xx_HAL_Driver/Src/stm32l4xx_hal_tim_ex.o
                                      0xffa1d (size before relaxing)
 .debug_str     0x00000000001083c7      0x846 Drivers/STM32L4xx_HAL_Driver/Src/stm32l4xx_hal_uart.o
                                      0xffa58 (size before relaxing)

.comment        0x0000000000000000       0x7b
 .comment       0x0000000000000000       0x7b Core/Src/adc.o
                                         0x7c (size before relaxing)
 .comment       0x000000000000007b       0x7c Core/Src/dac.o
 .comment       0x000000000000007b       0x7c Core/Src/gpio.o
 .comment       0x000000000000007b       0x7c Core/Src/main.o
 .comment       0x000000000000007b       0x7c Core/Src/pid.o
 .comment       0x000000000000007b       0x7c Core/Src/stm32l4xx_hal_msp.o
 .comment       0x000000000000007b       0x7c Core/Src/stm32l4xx_it.o
 .comment       0x000000000000007b       0x7c Core/Src/system_stm32l4xx.o
 .comment       0x000000000000007b       0x7c Core/Src/tim.o
 .comment       0x000000000000007b       0x7c Core/Src/usart.o
 .comment       0x000000000000007b       0x7c Drivers/STM32L4xx_HAL_Driver/Src/stm32l4xx_hal.o
 .comment       0x000000000000007b       0x7c Drivers/STM32L4xx_HAL_Driver/Src/stm32l4xx_hal_adc.o
 .comment       0x000000000000007b       0x7c Drivers/STM32L4xx_HAL_Driver/Src/stm32l4xx_hal_adc_ex.o
 .comment       0x000000000000007b       0x7c Drivers/STM32L4xx_HAL_Driver/Src/stm32l4xx_hal_cortex.o
 .comment       0x000000000000007b       0x7c Drivers/STM32L4xx_HAL_Driver/Src/stm32l4xx_hal_dac.o
 .comment       0x000000000000007b       0x7c Drivers/STM32L4xx_HAL_Driver/Src/stm32l4xx_hal_dac_ex.o
 .comment       0x000000000000007b       0x7c Drivers/STM32L4xx_HAL_Driver/Src/stm32l4xx_hal_gpio.o
 .comment       0x000000000000007b       0x7c Drivers/STM32L4xx_HAL_Driver/Src/stm32l4xx_hal_pwr_ex.o
 .comment       0x000000000000007b       0x7c Drivers/STM32L4xx_HAL_Driver/Src/stm32l4xx_hal_rcc.o
 .comment       0x000000000000007b       0x7c Drivers/STM32L4xx_HAL_Driver/Src/stm32l4xx_hal_rcc_ex.o
 .comment       0x000000000000007b       0x7c Drivers/STM32L4xx_HAL_Driver/Src/stm32l4xx_hal_tim.o
 .comment       0x000000000000007b       0x7c Drivers/STM32L4xx_HAL_Driver/Src/stm32l4xx_hal_tim_ex.o
 .comment       0x000000000000007b       0x7c Drivers/STM32L4xx_HAL_Driver/Src/stm32l4xx_hal_uart.o

.debug_frame    0x0000000000000000     0x5428
 .debug_frame   0x0000000000000000       0x7c Core/Src/adc.o
 .debug_frame   0x000000000000007c       0x7c Core/Src/dac.o
 .debug_frame   0x00000000000000f8       0x34 Core/Src/gpio.o
 .debug_frame   0x000000000000012c       0xc0 Core/Src/main.o
 .debug_frame   0x00000000000001ec       0x88 Core/Src/pid.o
 .debug_frame   0x0000000000000274       0x38 Core/Src/stm32l4xx_hal_msp.o
 .debug_frame   0x00000000000002ac      0x160 Core/Src/stm32l4xx_it.o
 .debug_frame   0x000000000000040c       0x58 Core/Src/system_stm32l4xx.o
 .debug_frame   0x0000000000000464       0xa0 Core/Src/tim.o
 .debug_frame   0x0000000000000504       0x74 Core/Src/usart.o
 .debug_frame   0x0000000000000578      0x498 Drivers/STM32L4xx_HAL_Driver/Src/stm32l4xx_hal.o
 .debug_frame   0x0000000000000a10      0xa04 Drivers/STM32L4xx_HAL_Driver/Src/stm32l4xx_hal_adc.o
 .debug_frame   0x0000000000001414      0x7a4 Drivers/STM32L4xx_HAL_Driver/Src/stm32l4xx_hal_adc_ex.o
 .debug_frame   0x0000000000001bb8      0x498 Drivers/STM32L4xx_HAL_Driver/Src/stm32l4xx_hal_cortex.o
 .debug_frame   0x0000000000002050      0x338 Drivers/STM32L4xx_HAL_Driver/Src/stm32l4xx_hal_dac.o
 .debug_frame   0x0000000000002388      0x234 Drivers/STM32L4xx_HAL_Driver/Src/stm32l4xx_hal_dac_ex.o
 .debug_frame   0x00000000000025bc      0x14c Drivers/STM32L4xx_HAL_Driver/Src/stm32l4xx_hal_gpio.o
 .debug_frame   0x0000000000002708      0x544 Drivers/STM32L4xx_HAL_Driver/Src/stm32l4xx_hal_pwr_ex.o
 .debug_frame   0x0000000000002c4c      0x1f4 Drivers/STM32L4xx_HAL_Driver/Src/stm32l4xx_hal_rcc.o
 .debug_frame   0x0000000000002e40      0x2fc Drivers/STM32L4xx_HAL_Driver/Src/stm32l4xx_hal_rcc_ex.o
 .debug_frame   0x000000000000313c     0x121c Drivers/STM32L4xx_HAL_Driver/Src/stm32l4xx_hal_tim.o
 .debug_frame   0x0000000000004358      0x6b0 Drivers/STM32L4xx_HAL_Driver/Src/stm32l4xx_hal_tim_ex.o
 .debug_frame   0x0000000000004a08      0x974 Drivers/STM32L4xx_HAL_Driver/Src/stm32l4xx_hal_uart.o
 .debug_frame   0x000000000000537c       0x2c c:/st/stm32cubeide_1.4.0/stm32cubeide/plugins/com.st.stm32cube.ide.mcu.externaltools.gnu-tools-for-stm32.7-2018-q2-update.win32_1.4.0.202007081208/tools/bin/../lib/gcc/arm-none-eabi/7.3.1/../../../../arm-none-eabi/lib/thumb/v7e-m/fpv4-sp/hard\libc_nano.a(lib_a-init.o)
 .debug_frame   0x00000000000053a8       0x20 c:/st/stm32cubeide_1.4.0/stm32cubeide/plugins/com.st.stm32cube.ide.mcu.externaltools.gnu-tools-for-stm32.7-2018-q2-update.win32_1.4.0.202007081208/tools/bin/../lib/gcc/arm-none-eabi/7.3.1/../../../../arm-none-eabi/lib/thumb/v7e-m/fpv4-sp/hard\libc_nano.a(lib_a-memset.o)
 .debug_frame   0x00000000000053c8       0x2c c:/st/stm32cubeide_1.4.0/stm32cubeide/plugins/com.st.stm32cube.ide.mcu.externaltools.gnu-tools-for-stm32.7-2018-q2-update.win32_1.4.0.202007081208/tools/bin/../lib/gcc/arm-none-eabi/7.3.1/thumb/v7e-m/fpv4-sp/hard\libgcc.a(_aeabi_uldivmod.o)
 .debug_frame   0x00000000000053f4       0x34 c:/st/stm32cubeide_1.4.0/stm32cubeide/plugins/com.st.stm32cube.ide.mcu.externaltools.gnu-tools-for-stm32.7-2018-q2-update.win32_1.4.0.202007081208/tools/bin/../lib/gcc/arm-none-eabi/7.3.1/thumb/v7e-m/fpv4-sp/hard\libgcc.a(_udivmoddi4.o)
