12:30:56 **** Incremental Build of configuration Debug for project dioda_led ****
make -j12 all 
arm-none-eabi-gcc "../Core/Src/main.c" -mcpu=cortex-m4 -std=gnu11 -g3 -DUSE_HAL_DRIVER -DSTM32L476xx -DDEBUG -c -I../Core/Inc -I../Drivers/STM32L4xx_HAL_Driver/Inc -I../Drivers/STM32L4xx_HAL_Driver/Inc/Legacy -I../Drivers/CMSIS/Device/ST/STM32L4xx/Include -I../Drivers/CMSIS/Include -O0 -ffunction-sections -fdata-sections -Wall -fstack-usage -MMD -MP -MF"Core/Src/main.d" -MT"Core/Src/main.o" --specs=nano.specs -mfpu=fpv4-sp-d16 -mfloat-abi=hard -mthumb -o "Core/Src/main.o"
arm-none-eabi-gcc -o "dioda_led.elf" @"objects.list"   -mcpu=cortex-m4 -T"C:\Users\adamj\Desktop\Studia\Semestr_6\SR\Labki\Lab4\Dioda\dioda_led\STM32L476RGTX_FLASH.ld" --specs=nosys.specs -Wl,-Map="dioda_led.map" -Wl,--gc-sections -static --specs=nano.specs -mfpu=fpv4-sp-d16 -mfloat-abi=hard -mthumb -Wl,--start-group -lc -lm -Wl,--end-group
Finished building target: dioda_led.elf
 
arm-none-eabi-objdump -h -S  dioda_led.elf  > "dioda_led.list"
arm-none-eabi-objcopy  -O binary  dioda_led.elf  "dioda_led.bin"
arm-none-eabi-size   dioda_led.elf 
   text	   data	    bss	    dec	    hex	filename
  17568	    120	   1736	  19424	   4be0	dioda_led.elf
Finished building: default.size.stdout
 
Finished building: dioda_led.bin
 
Finished building: dioda_led.list
 

12:30:57 Build Finished. 0 errors, 0 warnings. (took 1s.384ms)

