09:59:36 **** Incremental Build of configuration Debug for project dma_1 ****
make -j12 all 
arm-none-eabi-gcc "../Core/Src/main.c" -mcpu=cortex-m4 -std=gnu11 -g3 -DUSE_HAL_DRIVER -DSTM32L476xx -DDEBUG -c -I../Core/Inc -I../Drivers/STM32L4xx_HAL_Driver/Inc -I../Drivers/STM32L4xx_HAL_Driver/Inc/Legacy -I../Drivers/CMSIS/Device/ST/STM32L4xx/Include -I../Drivers/CMSIS/Include -O0 -ffunction-sections -fdata-sections -Wall -fstack-usage -MMD -MP -MF"Core/Src/main.d" -MT"Core/Src/main.o" --specs=nano.specs -mfpu=fpv4-sp-d16 -mfloat-abi=hard -mthumb -o "Core/Src/main.o"
arm-none-eabi-gcc -o "dma_1.elf" @"objects.list"   -mcpu=cortex-m4 -T"C:\Users\adamj\Desktop\Studia\Semestr_6\SR\Labki\Lab4\DMA\dma_1\STM32L476RGTX_FLASH.ld" --specs=nosys.specs -Wl,-Map="dma_1.map" -Wl,--gc-sections -static --specs=nano.specs -mfpu=fpv4-sp-d16 -mfloat-abi=hard -mthumb -Wl,--start-group -lc -lm -Wl,--end-group
Finished building target: dma_1.elf
 
arm-none-eabi-objdump -h -S  dma_1.elf  > "dma_1.list"
arm-none-eabi-objcopy  -O binary  dma_1.elf  "dma_1.bin"
arm-none-eabi-size   dma_1.elf 
   text	   data	    bss	    dec	    hex	filename
  27276	    136	   1992	  29404	   72dc	dma_1.elf
Finished building: default.size.stdout
 
Finished building: dma_1.bin
 
Finished building: dma_1.list
 
09:59:48 **** Incremental Build of configuration Debug for project dma_1 ****
make -j12 all 
arm-none-eabi-size   dma_1.elf 
   text	   data	    bss	    dec	    hex	filename
  27276	    136	   1992	  29404	   72dc	dma_1.elf
Finished building: default.size.stdout
 
