15:29:01 **** Rebuild of configuration Debug for project lab01 ****
Info: Internal Builder is used for build
arm-atollic-eabi-gcc -c -mthumb -mcpu=cortex-m4 -mfloat-abi=hard -mfpu=fpv4-sp-d16 -std=gnu11 -DUSE_HAL_DRIVER -DSTM32L476xx -I../Core/Inc -I../Drivers/STM32L4xx_HAL_Driver/Inc -I../Drivers/STM32L4xx_HAL_Driver/Inc/Legacy -I../Drivers/CMSIS/Device/ST/STM32L4xx/Include -I../Drivers/CMSIS/Include -O0 -ffunction-sections -fdata-sections -g -fstack-usage -Wall -specs=nano.specs -o Drivers\STM32L4xx_HAL_Driver\Src\stm32l4xx_hal_exti.o ..\Drivers\STM32L4xx_HAL_Driver\Src\stm32l4xx_hal_exti.c 
arm-atollic-eabi-gcc -c -mthumb -mcpu=cortex-m4 -mfloat-abi=hard -mfpu=fpv4-sp-d16 -std=gnu11 -DUSE_HAL_DRIVER -DSTM32L476xx -I../Core/Inc -I../Drivers/STM32L4xx_HAL_Driver/Inc -I../Drivers/STM32L4xx_HAL_Driver/Inc/Legacy -I../Drivers/CMSIS/Device/ST/STM32L4xx/Include -I../Drivers/CMSIS/Include -O0 -ffunction-sections -fdata-sections -g -fstack-usage -Wall -specs=nano.specs -o Drivers\STM32L4xx_HAL_Driver\Src\stm32l4xx_hal_gpio.o ..\Drivers\STM32L4xx_HAL_Driver\Src\stm32l4xx_hal_gpio.c 
arm-atollic-eabi-gcc -c -mthumb -mcpu=cortex-m4 -mfloat-abi=hard -mfpu=fpv4-sp-d16 -std=gnu11 -DUSE_HAL_DRIVER -DSTM32L476xx -I../Core/Inc -I../Drivers/STM32L4xx_HAL_Driver/Inc -I../Drivers/STM32L4xx_HAL_Driver/Inc/Legacy -I../Drivers/CMSIS/Device/ST/STM32L4xx/Include -I../Drivers/CMSIS/Include -O0 -ffunction-sections -fdata-sections -g -fstack-usage -Wall -specs=nano.specs -o Drivers\STM32L4xx_HAL_Driver\Src\stm32l4xx_hal_flash_ramfunc.o ..\Drivers\STM32L4xx_HAL_Driver\Src\stm32l4xx_hal_flash_ramfunc.c 
arm-atollic-eabi-gcc -c -mthumb -mcpu=cortex-m4 -mfloat-abi=hard -mfpu=fpv4-sp-d16 -std=gnu11 -DUSE_HAL_DRIVER -DSTM32L476xx -I../Core/Inc -I../Drivers/STM32L4xx_HAL_Driver/Inc -I../Drivers/STM32L4xx_HAL_Driver/Inc/Legacy -I../Drivers/CMSIS/Device/ST/STM32L4xx/Include -I../Drivers/CMSIS/Include -O0 -ffunction-sections -fdata-sections -g -fstack-usage -Wall -specs=nano.specs -o Drivers\STM32L4xx_HAL_Driver\Src\stm32l4xx_hal.o ..\Drivers\STM32L4xx_HAL_Driver\Src\stm32l4xx_hal.c 
arm-atollic-eabi-gcc -c -mthumb -mcpu=cortex-m4 -mfloat-abi=hard -mfpu=fpv4-sp-d16 -std=gnu11 -DUSE_HAL_DRIVER -DSTM32L476xx -I../Core/Inc -I../Drivers/STM32L4xx_HAL_Driver/Inc -I../Drivers/STM32L4xx_HAL_Driver/Inc/Legacy -I../Drivers/CMSIS/Device/ST/STM32L4xx/Include -I../Drivers/CMSIS/Include -O0 -ffunction-sections -fdata-sections -g -fstack-usage -Wall -specs=nano.specs -o Drivers\STM32L4xx_HAL_Driver\Src\stm32l4xx_hal_dma.o ..\Drivers\STM32L4xx_HAL_Driver\Src\stm32l4xx_hal_dma.c 
arm-atollic-eabi-gcc -c -mthumb -mcpu=cortex-m4 -mfloat-abi=hard -mfpu=fpv4-sp-d16 -std=gnu11 -DUSE_HAL_DRIVER -DSTM32L476xx -I../Core/Inc -I../Drivers/STM32L4xx_HAL_Driver/Inc -I../Drivers/STM32L4xx_HAL_Driver/Inc/Legacy -I../Drivers/CMSIS/Device/ST/STM32L4xx/Include -I../Drivers/CMSIS/Include -O0 -ffunction-sections -fdata-sections -g -fstack-usage -Wall -specs=nano.specs -o Drivers\STM32L4xx_HAL_Driver\Src\stm32l4xx_hal_rcc.o ..\Drivers\STM32L4xx_HAL_Driver\Src\stm32l4xx_hal_rcc.c 
arm-atollic-eabi-gcc -c -mthumb -mcpu=cortex-m4 -mfloat-abi=hard -mfpu=fpv4-sp-d16 -std=gnu11 -DUSE_HAL_DRIVER -DSTM32L476xx -I../Core/Inc -I../Drivers/STM32L4xx_HAL_Driver/Inc -I../Drivers/STM32L4xx_HAL_Driver/Inc/Legacy -I../Drivers/CMSIS/Device/ST/STM32L4xx/Include -I../Drivers/CMSIS/Include -O0 -ffunction-sections -fdata-sections -g -fstack-usage -Wall -specs=nano.specs -o Drivers\STM32L4xx_HAL_Driver\Src\stm32l4xx_hal_tim_ex.o ..\Drivers\STM32L4xx_HAL_Driver\Src\stm32l4xx_hal_tim_ex.c 
arm-atollic-eabi-gcc -c -mthumb -mcpu=cortex-m4 -mfloat-abi=hard -mfpu=fpv4-sp-d16 -std=gnu11 -DUSE_HAL_DRIVER -DSTM32L476xx -I../Core/Inc -I../Drivers/STM32L4xx_HAL_Driver/Inc -I../Drivers/STM32L4xx_HAL_Driver/Inc/Legacy -I../Drivers/CMSIS/Device/ST/STM32L4xx/Include -I../Drivers/CMSIS/Include -O0 -ffunction-sections -fdata-sections -g -fstack-usage -Wall -specs=nano.specs -o Drivers\STM32L4xx_HAL_Driver\Src\stm32l4xx_hal_cortex.o ..\Drivers\STM32L4xx_HAL_Driver\Src\stm32l4xx_hal_cortex.c 
arm-atollic-eabi-gcc -c -mthumb -mcpu=cortex-m4 -mfloat-abi=hard -mfpu=fpv4-sp-d16 -std=gnu11 -DUSE_HAL_DRIVER -DSTM32L476xx -I../Core/Inc -I../Drivers/STM32L4xx_HAL_Driver/Inc -I../Drivers/STM32L4xx_HAL_Driver/Inc/Legacy -I../Drivers/CMSIS/Device/ST/STM32L4xx/Include -I../Drivers/CMSIS/Include -O0 -ffunction-sections -fdata-sections -g -fstack-usage -Wall -specs=nano.specs -o Drivers\STM32L4xx_HAL_Driver\Src\stm32l4xx_hal_flash_ex.o ..\Drivers\STM32L4xx_HAL_Driver\Src\stm32l4xx_hal_flash_ex.c 
arm-atollic-eabi-gcc -c -mthumb -mcpu=cortex-m4 -mfloat-abi=hard -mfpu=fpv4-sp-d16 -std=gnu11 -DUSE_HAL_DRIVER -DSTM32L476xx -I../Core/Inc -I../Drivers/STM32L4xx_HAL_Driver/Inc -I../Drivers/STM32L4xx_HAL_Driver/Inc/Legacy -I../Drivers/CMSIS/Device/ST/STM32L4xx/Include -I../Drivers/CMSIS/Include -O0 -ffunction-sections -fdata-sections -g -fstack-usage -Wall -specs=nano.specs -o Drivers\STM32L4xx_HAL_Driver\Src\stm32l4xx_hal_pwr_ex.o ..\Drivers\STM32L4xx_HAL_Driver\Src\stm32l4xx_hal_pwr_ex.c 
arm-atollic-eabi-gcc -c -mthumb -mcpu=cortex-m4 -mfloat-abi=hard -mfpu=fpv4-sp-d16 -g -Wa,--no-warn -x assembler-with-cpp -specs=nano.specs -o startup\startup_stm32l476xx.o ..\startup\startup_stm32l476xx.s 
arm-atollic-eabi-gcc -c -mthumb -mcpu=cortex-m4 -mfloat-abi=hard -mfpu=fpv4-sp-d16 -std=gnu11 -DUSE_HAL_DRIVER -DSTM32L476xx -I../Core/Inc -I../Drivers/STM32L4xx_HAL_Driver/Inc -I../Drivers/STM32L4xx_HAL_Driver/Inc/Legacy -I../Drivers/CMSIS/Device/ST/STM32L4xx/Include -I../Drivers/CMSIS/Include -O0 -ffunction-sections -fdata-sections -g -fstack-usage -Wall -specs=nano.specs -o Core\Src\system_stm32l4xx.o ..\Core\Src\system_stm32l4xx.c 
arm-atollic-eabi-gcc -c -mthumb -mcpu=cortex-m4 -mfloat-abi=hard -mfpu=fpv4-sp-d16 -std=gnu11 -DUSE_HAL_DRIVER -DSTM32L476xx -I../Core/Inc -I../Drivers/STM32L4xx_HAL_Driver/Inc -I../Drivers/STM32L4xx_HAL_Driver/Inc/Legacy -I../Drivers/CMSIS/Device/ST/STM32L4xx/Include -I../Drivers/CMSIS/Include -O0 -ffunction-sections -fdata-sections -g -fstack-usage -Wall -specs=nano.specs -o Drivers\STM32L4xx_HAL_Driver\Src\stm32l4xx_hal_pwr.o ..\Drivers\STM32L4xx_HAL_Driver\Src\stm32l4xx_hal_pwr.c 
arm-atollic-eabi-gcc -c -mthumb -mcpu=cortex-m4 -mfloat-abi=hard -mfpu=fpv4-sp-d16 -std=gnu11 -DUSE_HAL_DRIVER -DSTM32L476xx -I../Core/Inc -I../Drivers/STM32L4xx_HAL_Driver/Inc -I../Drivers/STM32L4xx_HAL_Driver/Inc/Legacy -I../Drivers/CMSIS/Device/ST/STM32L4xx/Include -I../Drivers/CMSIS/Include -O0 -ffunction-sections -fdata-sections -g -fstack-usage -Wall -specs=nano.specs -o Drivers\STM32L4xx_HAL_Driver\Src\stm32l4xx_hal_i2c.o ..\Drivers\STM32L4xx_HAL_Driver\Src\stm32l4xx_hal_i2c.c 
arm-atollic-eabi-gcc -c -mthumb -mcpu=cortex-m4 -mfloat-abi=hard -mfpu=fpv4-sp-d16 -std=gnu11 -DUSE_HAL_DRIVER -DSTM32L476xx -I../Core/Inc -I../Drivers/STM32L4xx_HAL_Driver/Inc -I../Drivers/STM32L4xx_HAL_Driver/Inc/Legacy -I../Drivers/CMSIS/Device/ST/STM32L4xx/Include -I../Drivers/CMSIS/Include -O0 -ffunction-sections -fdata-sections -g -fstack-usage -Wall -specs=nano.specs -o Drivers\STM32L4xx_HAL_Driver\Src\stm32l4xx_hal_flash.o ..\Drivers\STM32L4xx_HAL_Driver\Src\stm32l4xx_hal_flash.c 
arm-atollic-eabi-gcc -c -mthumb -mcpu=cortex-m4 -mfloat-abi=hard -mfpu=fpv4-sp-d16 -std=gnu11 -DUSE_HAL_DRIVER -DSTM32L476xx -I../Core/Inc -I../Drivers/STM32L4xx_HAL_Driver/Inc -I../Drivers/STM32L4xx_HAL_Driver/Inc/Legacy -I../Drivers/CMSIS/Device/ST/STM32L4xx/Include -I../Drivers/CMSIS/Include -O0 -ffunction-sections -fdata-sections -g -fstack-usage -Wall -specs=nano.specs -o Core\Src\stm32l4xx_hal_msp.o ..\Core\Src\stm32l4xx_hal_msp.c 
arm-atollic-eabi-gcc -c -mthumb -mcpu=cortex-m4 -mfloat-abi=hard -mfpu=fpv4-sp-d16 -std=gnu11 -DUSE_HAL_DRIVER -DSTM32L476xx -I../Core/Inc -I../Drivers/STM32L4xx_HAL_Driver/Inc -I../Drivers/STM32L4xx_HAL_Driver/Inc/Legacy -I../Drivers/CMSIS/Device/ST/STM32L4xx/Include -I../Drivers/CMSIS/Include -O0 -ffunction-sections -fdata-sections -g -fstack-usage -Wall -specs=nano.specs -o Drivers\STM32L4xx_HAL_Driver\Src\stm32l4xx_hal_dma_ex.o ..\Drivers\STM32L4xx_HAL_Driver\Src\stm32l4xx_hal_dma_ex.c 
arm-atollic-eabi-gcc -c -mthumb -mcpu=cortex-m4 -mfloat-abi=hard -mfpu=fpv4-sp-d16 -std=gnu11 -DUSE_HAL_DRIVER -DSTM32L476xx -I../Core/Inc -I../Drivers/STM32L4xx_HAL_Driver/Inc -I../Drivers/STM32L4xx_HAL_Driver/Inc/Legacy -I../Drivers/CMSIS/Device/ST/STM32L4xx/Include -I../Drivers/CMSIS/Include -O0 -ffunction-sections -fdata-sections -g -fstack-usage -Wall -specs=nano.specs -o Drivers\STM32L4xx_HAL_Driver\Src\stm32l4xx_hal_tim.o ..\Drivers\STM32L4xx_HAL_Driver\Src\stm32l4xx_hal_tim.c 
arm-atollic-eabi-gcc -c -mthumb -mcpu=cortex-m4 -mfloat-abi=hard -mfpu=fpv4-sp-d16 -std=gnu11 -DUSE_HAL_DRIVER -DSTM32L476xx -I../Core/Inc -I../Drivers/STM32L4xx_HAL_Driver/Inc -I../Drivers/STM32L4xx_HAL_Driver/Inc/Legacy -I../Drivers/CMSIS/Device/ST/STM32L4xx/Include -I../Drivers/CMSIS/Include -O0 -ffunction-sections -fdata-sections -g -fstack-usage -Wall -specs=nano.specs -o Core\Src\main.o ..\Core\Src\main.c 
arm-atollic-eabi-gcc -c -mthumb -mcpu=cortex-m4 -mfloat-abi=hard -mfpu=fpv4-sp-d16 -std=gnu11 -DUSE_HAL_DRIVER -DSTM32L476xx -I../Core/Inc -I../Drivers/STM32L4xx_HAL_Driver/Inc -I../Drivers/STM32L4xx_HAL_Driver/Inc/Legacy -I../Drivers/CMSIS/Device/ST/STM32L4xx/Include -I../Drivers/CMSIS/Include -O0 -ffunction-sections -fdata-sections -g -fstack-usage -Wall -specs=nano.specs -o Drivers\STM32L4xx_HAL_Driver\Src\stm32l4xx_hal_i2c_ex.o ..\Drivers\STM32L4xx_HAL_Driver\Src\stm32l4xx_hal_i2c_ex.c 
arm-atollic-eabi-gcc -c -mthumb -mcpu=cortex-m4 -mfloat-abi=hard -mfpu=fpv4-sp-d16 -std=gnu11 -DUSE_HAL_DRIVER -DSTM32L476xx -I../Core/Inc -I../Drivers/STM32L4xx_HAL_Driver/Inc -I../Drivers/STM32L4xx_HAL_Driver/Inc/Legacy -I../Drivers/CMSIS/Device/ST/STM32L4xx/Include -I../Drivers/CMSIS/Include -O0 -ffunction-sections -fdata-sections -g -fstack-usage -Wall -specs=nano.specs -o Drivers\STM32L4xx_HAL_Driver\Src\stm32l4xx_hal_rcc_ex.o ..\Drivers\STM32L4xx_HAL_Driver\Src\stm32l4xx_hal_rcc_ex.c 
arm-atollic-eabi-gcc -c -mthumb -mcpu=cortex-m4 -mfloat-abi=hard -mfpu=fpv4-sp-d16 -std=gnu11 -DUSE_HAL_DRIVER -DSTM32L476xx -I../Core/Inc -I../Drivers/STM32L4xx_HAL_Driver/Inc -I../Drivers/STM32L4xx_HAL_Driver/Inc/Legacy -I../Drivers/CMSIS/Device/ST/STM32L4xx/Include -I../Drivers/CMSIS/Include -O0 -ffunction-sections -fdata-sections -g -fstack-usage -Wall -specs=nano.specs -o Core\Src\syscalls.o ..\Core\Src\syscalls.c 
arm-atollic-eabi-gcc -c -mthumb -mcpu=cortex-m4 -mfloat-abi=hard -mfpu=fpv4-sp-d16 -std=gnu11 -DUSE_HAL_DRIVER -DSTM32L476xx -I../Core/Inc -I../Drivers/STM32L4xx_HAL_Driver/Inc -I../Drivers/STM32L4xx_HAL_Driver/Inc/Legacy -I../Drivers/CMSIS/Device/ST/STM32L4xx/Include -I../Drivers/CMSIS/Include -O0 -ffunction-sections -fdata-sections -g -fstack-usage -Wall -specs=nano.specs -o Core\Src\stm32l4xx_it.o ..\Core\Src\stm32l4xx_it.c 
arm-atollic-eabi-gcc -o lab01.elf Core\Src\main.o Core\Src\stm32l4xx_hal_msp.o Core\Src\stm32l4xx_it.o Core\Src\syscalls.o Core\Src\system_stm32l4xx.o Drivers\STM32L4xx_HAL_Driver\Src\stm32l4xx_hal.o Drivers\STM32L4xx_HAL_Driver\Src\stm32l4xx_hal_cortex.o Drivers\STM32L4xx_HAL_Driver\Src\stm32l4xx_hal_dma.o Drivers\STM32L4xx_HAL_Driver\Src\stm32l4xx_hal_dma_ex.o Drivers\STM32L4xx_HAL_Driver\Src\stm32l4xx_hal_exti.o Drivers\STM32L4xx_HAL_Driver\Src\stm32l4xx_hal_flash.o Drivers\STM32L4xx_HAL_Driver\Src\stm32l4xx_hal_flash_ex.o Drivers\STM32L4xx_HAL_Driver\Src\stm32l4xx_hal_flash_ramfunc.o Drivers\STM32L4xx_HAL_Driver\Src\stm32l4xx_hal_gpio.o Drivers\STM32L4xx_HAL_Driver\Src\stm32l4xx_hal_i2c.o Drivers\STM32L4xx_HAL_Driver\Src\stm32l4xx_hal_i2c_ex.o Drivers\STM32L4xx_HAL_Driver\Src\stm32l4xx_hal_pwr.o Drivers\STM32L4xx_HAL_Driver\Src\stm32l4xx_hal_pwr_ex.o Drivers\STM32L4xx_HAL_Driver\Src\stm32l4xx_hal_rcc.o Drivers\STM32L4xx_HAL_Driver\Src\stm32l4xx_hal_rcc_ex.o Drivers\STM32L4xx_HAL_Driver\Src\stm32l4xx_hal_tim.o Drivers\STM32L4xx_HAL_Driver\Src\stm32l4xx_hal_tim_ex.o startup\startup_stm32l476xx.o -mthumb -mcpu=cortex-m4 -mfloat-abi=hard -mfpu=fpv4-sp-d16 -T../STM32L476RG_FLASH.ld -specs=nosys.specs -static -Wl,-Map=lab01.map -Wl,--gc-sections -Wl,--defsym=malloc_getpagesize_P=0x80 -Wl,--start-group -lc -lm -Wl,--end-group -specs=nano.specs 
C:\Program Files (x86)\Atollic\TrueSTUDIO for STM32 9.3.0\ide\jre\bin\java -jar C:\Program Files (x86)\Atollic\TrueSTUDIO for STM32 9.3.0\Tools\arm-atollic-reports.jar convert-hex sizeinfo list lab01.elf 
Generate build reports...
Converting build output to hex
Output sent to: lab01.hex
Converting build output to hex done
Print size information
   text	   data	    bss	    dec	    hex	filename
   4876	     20	   1568	   6464	   1940	lab01.elf
Print size information done
Generate listing file
Output sent to: lab01.list
Generate listing file done
Generate build reports done
arm-atollic-eabi-objcopy.exe -O ihex lab01.elf lab01.hex 
Info: Parallel threads used: 9
15:29:17 **** Incremental Build of configuration Debug for project lab01 ****
Info: Internal Builder is used for build
Info: Parallel threads used: 0
15:29:19 **** Incremental Build of configuration Debug for project lab01 ****
Info: Internal Builder is used for build
Info: Parallel threads used: 0
15:29:19 **** Incremental Build of configuration Debug for project lab01 ****
Info: Internal Builder is used for build
Info: Parallel threads used: 0
15:29:19 **** Incremental Build of configuration Debug for project lab01 ****
Info: Internal Builder is used for build
Info: Parallel threads used: 0
15:29:19 **** Incremental Build of configuration Debug for project lab01 ****
Info: Internal Builder is used for build
Info: Parallel threads used: 0
15:29:20 **** Incremental Build of configuration Debug for project lab01 ****
Info: Internal Builder is used for build
Info: Parallel threads used: 0
15:29:21 **** Incremental Build of configuration Debug for project lab01 ****
Info: Internal Builder is used for build
Info: Parallel threads used: 0
15:29:26 **** Incremental Build of configuration Debug for project lab01 ****
Info: Internal Builder is used for build
Info: Parallel threads used: 0
15:29:28 **** Incremental Build of configuration Debug for project lab01 ****
Info: Internal Builder is used for build
Info: Parallel threads used: 0
